Archive member included to satisfy reference by file (symbol)

/Applications/STM32CubeIDE.app/Contents/Eclipse/plugins/com.st.stm32cube.ide.mcu.externaltools.gnu-tools-for-stm32.12.3.rel1.macos64_1.0.200.202406191456/tools/bin/../lib/gcc/arm-none-eabi/12.3.1/../../../../arm-none-eabi/lib/thumb/v7e-m/nofp/libc_nano.a(libc_a-exit.o)
                              /Applications/STM32CubeIDE.app/Contents/Eclipse/plugins/com.st.stm32cube.ide.mcu.externaltools.gnu-tools-for-stm32.12.3.rel1.macos64_1.0.200.202406191456/tools/bin/../lib/gcc/arm-none-eabi/12.3.1/../../../../arm-none-eabi/lib/thumb/v7e-m/nofp/crt0.o (exit)
/Applications/STM32CubeIDE.app/Contents/Eclipse/plugins/com.st.stm32cube.ide.mcu.externaltools.gnu-tools-for-stm32.12.3.rel1.macos64_1.0.200.202406191456/tools/bin/../lib/gcc/arm-none-eabi/12.3.1/../../../../arm-none-eabi/lib/thumb/v7e-m/nofp/libc_nano.a(libc_a-findfp.o)
                              /Applications/STM32CubeIDE.app/Contents/Eclipse/plugins/com.st.stm32cube.ide.mcu.externaltools.gnu-tools-for-stm32.12.3.rel1.macos64_1.0.200.202406191456/tools/bin/../lib/gcc/arm-none-eabi/12.3.1/../../../../arm-none-eabi/lib/thumb/v7e-m/nofp/libc_nano.a(libc_a-exit.o) (__stdio_exit_handler)
/Applications/STM32CubeIDE.app/Contents/Eclipse/plugins/com.st.stm32cube.ide.mcu.externaltools.gnu-tools-for-stm32.12.3.rel1.macos64_1.0.200.202406191456/tools/bin/../lib/gcc/arm-none-eabi/12.3.1/../../../../arm-none-eabi/lib/thumb/v7e-m/nofp/libc_nano.a(libc_a-fwalk.o)
                              /Applications/STM32CubeIDE.app/Contents/Eclipse/plugins/com.st.stm32cube.ide.mcu.externaltools.gnu-tools-for-stm32.12.3.rel1.macos64_1.0.200.202406191456/tools/bin/../lib/gcc/arm-none-eabi/12.3.1/../../../../arm-none-eabi/lib/thumb/v7e-m/nofp/libc_nano.a(libc_a-findfp.o) (_fwalk_sglue)
/Applications/STM32CubeIDE.app/Contents/Eclipse/plugins/com.st.stm32cube.ide.mcu.externaltools.gnu-tools-for-stm32.12.3.rel1.macos64_1.0.200.202406191456/tools/bin/../lib/gcc/arm-none-eabi/12.3.1/../../../../arm-none-eabi/lib/thumb/v7e-m/nofp/libc_nano.a(libc_a-memset.o)
                              /Applications/STM32CubeIDE.app/Contents/Eclipse/plugins/com.st.stm32cube.ide.mcu.externaltools.gnu-tools-for-stm32.12.3.rel1.macos64_1.0.200.202406191456/tools/bin/../lib/gcc/arm-none-eabi/12.3.1/../../../../arm-none-eabi/lib/thumb/v7e-m/nofp/crt0.o (memset)
/Applications/STM32CubeIDE.app/Contents/Eclipse/plugins/com.st.stm32cube.ide.mcu.externaltools.gnu-tools-for-stm32.12.3.rel1.macos64_1.0.200.202406191456/tools/bin/../lib/gcc/arm-none-eabi/12.3.1/../../../../arm-none-eabi/lib/thumb/v7e-m/nofp/libc_nano.a(libc_a-impure.o)
                              /Applications/STM32CubeIDE.app/Contents/Eclipse/plugins/com.st.stm32cube.ide.mcu.externaltools.gnu-tools-for-stm32.12.3.rel1.macos64_1.0.200.202406191456/tools/bin/../lib/gcc/arm-none-eabi/12.3.1/../../../../arm-none-eabi/lib/thumb/v7e-m/nofp/libc_nano.a(libc_a-findfp.o) (_impure_data)
/Applications/STM32CubeIDE.app/Contents/Eclipse/plugins/com.st.stm32cube.ide.mcu.externaltools.gnu-tools-for-stm32.12.3.rel1.macos64_1.0.200.202406191456/tools/bin/../lib/gcc/arm-none-eabi/12.3.1/../../../../arm-none-eabi/lib/thumb/v7e-m/nofp/libc_nano.a(libc_a-errno.o)
                              ./Src/syscalls.o (__errno)
/Applications/STM32CubeIDE.app/Contents/Eclipse/plugins/com.st.stm32cube.ide.mcu.externaltools.gnu-tools-for-stm32.12.3.rel1.macos64_1.0.200.202406191456/tools/bin/../lib/gcc/arm-none-eabi/12.3.1/../../../../arm-none-eabi/lib/thumb/v7e-m/nofp/libc_nano.a(libc_a-init.o)
                              /Applications/STM32CubeIDE.app/Contents/Eclipse/plugins/com.st.stm32cube.ide.mcu.externaltools.gnu-tools-for-stm32.12.3.rel1.macos64_1.0.200.202406191456/tools/bin/../lib/gcc/arm-none-eabi/12.3.1/../../../../arm-none-eabi/lib/thumb/v7e-m/nofp/crt0.o (__libc_init_array)
/Applications/STM32CubeIDE.app/Contents/Eclipse/plugins/com.st.stm32cube.ide.mcu.externaltools.gnu-tools-for-stm32.12.3.rel1.macos64_1.0.200.202406191456/tools/bin/../lib/gcc/arm-none-eabi/12.3.1/../../../../arm-none-eabi/lib/thumb/v7e-m/nofp/libc_nano.a(libc_a-lock.o)
                              /Applications/STM32CubeIDE.app/Contents/Eclipse/plugins/com.st.stm32cube.ide.mcu.externaltools.gnu-tools-for-stm32.12.3.rel1.macos64_1.0.200.202406191456/tools/bin/../lib/gcc/arm-none-eabi/12.3.1/../../../../arm-none-eabi/lib/thumb/v7e-m/nofp/libc_nano.a(libc_a-findfp.o) (__retarget_lock_init_recursive)
/Applications/STM32CubeIDE.app/Contents/Eclipse/plugins/com.st.stm32cube.ide.mcu.externaltools.gnu-tools-for-stm32.12.3.rel1.macos64_1.0.200.202406191456/tools/bin/../lib/gcc/arm-none-eabi/12.3.1/../../../../arm-none-eabi/lib/thumb/v7e-m/nofp/libc_nano.a(libc_a-mallocr.o)
[...]
Memory Configuration

Name             Origin             Length             Attributes
CCMRAM           0x10000000         0x00010000         xrw
RAM              0x20000000         0x00030000         xrw
FLASH            0x08000000         0x00200000         xr
*default*        0x00000000         0xffffffff

Linker script and memory map

LOAD /Applications/STM32CubeIDE.app/Contents/Eclipse/plugins/com.st.stm32cube.ide.mcu.externaltools.gnu-tools-for-stm32.12.3.rel1.macos64_1.0.200.202406191456/tools/bin/../lib/gcc/arm-none-eabi/12.3.1/thumb/v7e-m/nofp/crti.o
LOAD /Applications/STM32CubeIDE.app/Contents/Eclipse/plugins/com.st.stm32cube.ide.mcu.externaltools.gnu-tools-for-stm32.12.3.rel1.macos64_1.0.200.202406191456/tools/bin/../lib/gcc/arm-none-eabi/12.3.1/thumb/v7e-m/nofp/crtbegin.o
LOAD /Applications/STM32CubeIDE.app/Contents/Eclipse/plugins/com.st.stm32cube.ide.mcu.externaltools.gnu-tools-for-stm32.12.3.rel1.macos64_1.0.200.202406191456/tools/bin/../lib/gcc/arm-none-eabi/12.3.1/../../../../arm-none-eabi/lib/thumb/v7e-m/nofp/crt0.o
LOAD ./Src/ApplicationCode.o
LOAD ./Src/ButtonDriver.o
LOAD ./Src/GPIO_Driver.o
LOAD ./Src/InterruptControl.o
LOAD ./Src/LED_Driver.o
LOAD ./Src/Time_Driver.o
LOAD ./Src/main.o
LOAD ./Src/scheduler.o
LOAD ./Src/syscalls.o
LOAD ./Src/sysmem.o
LOAD ./Startup/startup_stm32f429zitx.o
START GROUP
LOAD /Applications/STM32CubeIDE.app/Contents/Eclipse/plugins/com.st.stm32cube.ide.mcu.externaltools.gnu-tools-for-stm32.12.3.rel1.macos64_1.0.200.202406191456/tools/bin/../lib/gcc/arm-none-eabi/12.3.1/../../../../arm-none-eabi/lib/thumb/v7e-m/nofp/libc_nano.a
LOAD /Applications/STM32CubeIDE.app/Contents/Eclipse/plugins/com.st.stm32cube.ide.mcu.externaltools.gnu-tools-for-stm32.12.3.rel1.macos64_1.0.200.202406191456/tools/bin/../lib/gcc/arm-none-eabi/12.3.1/../../../../arm-none-eabi/lib/thumb/v7e-m/nofp/libm.a
END GROUP
START GROUP
LOAD /Applications/STM32CubeIDE.app/Contents/Eclipse/plugins/com.st.stm32cube.ide.mcu.externaltools.gnu-tools-for-stm32.12.3.rel1.macos64_1.0.200.202406191456/tools/bin/../lib/gcc/arm-none-eabi/12.3.1/thumb/v7e-m/nofp/libgcc.a
LOAD /Applications/STM32CubeIDE.app/Contents/Eclipse/plugins/com.st.stm32cube.ide.mcu.externaltools.gnu-tools-for-stm32.12.3.rel1.macos64_1.0.200.202406191456/tools/bin/../lib/gcc/arm-none-eabi/12.3.1/../../../../arm-none-eabi/lib/thumb/v7e-m/nofp/libc_nano.a
END GROUP
START GROUP
LOAD /Applications/STM32CubeIDE.app/Contents/Eclipse/plugins/com.st.stm32cube.ide.mcu.externaltools.gnu-tools-for-stm32.12.3.rel1.macos64_1.0.200.202406191456/tools/bin/../lib/gcc/arm-none-eabi/12.3.1/thumb/v7e-m/nofp/libgcc.a
LOAD /Applications/STM32CubeIDE.app/Contents/Eclipse/plugins/com.st.stm32cube.ide.mcu.externaltools.gnu-tools-for-stm32.12.3.rel1.macos64_1.0.200.202406191456/tools/bin/../lib/gcc/arm-none-eabi/12.3.1/../../../../arm-none-eabi/lib/thumb/v7e-m/nofp/libc_nano.a
LOAD /Applications/STM32CubeIDE.app/Contents/Eclipse/plugins/com.st.stm32cube.ide.mcu.externaltools.gnu-tools-for-stm32.12.3.rel1.macos64_1.0.200.202406191456/tools/bin/../lib/gcc/arm-none-eabi/12.3.1/../../../../arm-none-eabi/lib/thumb/v7e-m/nofp/libnosys.a
END GROUP
START GROUP
LOAD /Applications/STM32CubeIDE.app/Contents/Eclipse/plugins/com.st.stm32cube.ide.mcu.externaltools.gnu-tools-for-stm32.12.3.rel1.macos64_1.0.200.202406191456/tools/bin/../lib/gcc/arm-none-eabi/12.3.1/thumb/v7e-m/nofp/libgcc.a
LOAD /Applications/STM32CubeIDE.app/Contents/Eclipse/plugins/com.st.stm32cube.ide.mcu.externaltools.gnu-tools-for-stm32.12.3.rel1.macos64_1.0.200.202406191456/tools/bin/../lib/gcc/arm-none-eabi/12.3.1/../../../../arm-none-eabi/lib/thumb/v7e-m/nofp/libc_nano.a
LOAD /Applications/STM32CubeIDE.app/Contents/Eclipse/plugins/com.st.stm32cube.ide.mcu.externaltools.gnu-tools-for-stm32.12.3.rel1.macos64_1.0.200.202406191456/tools/bin/../lib/gcc/arm-none-eabi/12.3.1/../../../../arm-none-eabi/lib/thumb/v7e-m/nofp/libnosys.a
END GROUP
LOAD /Applications/STM32CubeIDE.app/Contents/Eclipse/plugins/com.st.stm32cube.ide.mcu.externaltools.gnu-tools-for-stm32.12.3.rel1.macos64_1.0.200.202406191456/tools/bin/../lib/gcc/arm-none-eabi/12.3.1/thumb/v7e-m/nofp/crtend.o
LOAD /Applications/STM32CubeIDE.app/Contents/Eclipse/plugins/com.st.stm32cube.ide.mcu.externaltools.gnu-tools-for-stm32.12.3.rel1.macos64_1.0.200.202406191456/tools/bin/../lib/gcc/arm-none-eabi/12.3.1/thumb/v7e-m/nofp/crtn.o
                0x20030000                        _estack = (ORIGIN (RAM) + LENGTH (RAM))
                0x00000200                        _Min_Heap_Size = 0x200
                0x00000400                        _Min_Stack_Size = 0x400

.isr_vector     0x08000000      0x1ac
                0x08000000                        . = ALIGN (0x4)
 *(.isr_vector)
 .isr_vector    0x08000000      0x1ac ./Startup/startup_stm32f429zitx.o
                0x08000000                g_pfnVectors
                0x080001ac                        . = ALIGN (0x4)

.text           0x080001ac      0xc70
                0x080001ac                        . = ALIGN (0x4)
 *(.text)
 .text          0x080001ac       0x40 /Applications/STM32CubeIDE.app/Contents/Eclipse/plugins/com.st.stm32cube.ide.mcu.externaltools.gnu-tools-for-stm32.12.3.rel1.macos64_1.0.200.202406191456/tools/bin/../lib/gcc/arm-none-eabi/12.3.1/thumb/v7e-m/nofp/crtbegin.o
 *(.text*)
 .text.BothInt  0x080001ec       0x14 ./Src/ApplicationCode.o
                0x080001ec                BothInt
 .text.GreenToggle
                0x08000200        0xe ./Src/ApplicationCode.o
                0x08000200                GreenToggle
 *fill*         0x0800020e        0x2 
 .text.delayProto
                0x08000210       0x64 ./Src/ApplicationCode.o
                0x08000210                delayProto
 .text.Application_ButtonInitInterruptMode
                0x08000274        0xc ./Src/ApplicationCode.o
                0x08000274                Application_ButtonInitInterruptMode
 .text.Application_Init
                0x08000280       0x1a ./Src/ApplicationCode.o
                0x08000280                Application_Init
 *fill*         0x0800029a        0x2 
 .text.TIM5_IRQHandler
                0x0800029c       0x40 ./Src/ApplicationCode.o
                0x0800029c                TIM5_IRQHandler
 .text.EXTI0_IRQHandler
                0x080002dc       0x4c ./Src/ApplicationCode.o
                0x080002dc                EXTI0_IRQHandler
 .text.ButtonDriver_buttonPressed
                0x08000328       0x20 ./Src/ButtonDriver.o
                0x08000328                ButtonDriver_buttonPressed
 .text.ButtonDriver_InitInterruptMode
                0x08000348       0x50 ./Src/ButtonDriver.o
                0x08000348                ButtonDriver_InitInterruptMode
 .text.GPIO_clockHandler
                0x08000398       0x90 ./Src/GPIO_Driver.o
                0x08000398                GPIO_clockHandler
 .text.GPIO_togglePin
                0x08000428       0x28 ./Src/GPIO_Driver.o
                0x08000428                GPIO_togglePin
 .text.GPIO_initialize
                0x08000450      0x2c4 ./Src/GPIO_Driver.o
                0x08000450                GPIO_initialize
 .text.GPIO_readPin
                0x08000714       0x2a ./Src/GPIO_Driver.o
                0x08000714                GPIO_readPin
 *fill*         0x0800073e        0x2 
 .text.GPIO_portNum
                0x08000740       0x38 ./Src/GPIO_Driver.o
                0x08000740                GPIO_portNum
 .text.GPIO_NVIC_enable_disable
                0x08000778       0x30 ./Src/GPIO_Driver.o
                0x08000778                GPIO_NVIC_enable_disable
 .text.IRQ_enable
                0x080007a8       0x5c ./Src/InterruptControl.o
                0x080007a8                IRQ_enable
 .text.IRQ_disable
                0x08000804       0x5c ./Src/InterruptControl.o
                0x08000804                IRQ_disable
 .text.IRQ_clear
                0x08000860       0x5c ./Src/InterruptControl.o
                0x08000860                IRQ_clear
 .text.EXTI_IRQ_clearPending
                0x080008bc       0x2c ./Src/InterruptControl.o
                0x080008bc                EXTI_IRQ_clearPending
 .text.initializeLED
                0x080008e8       0x94 ./Src/LED_Driver.o
                0x080008e8                initializeLED
 .text.toggleLED
                0x0800097c       0x4c ./Src/LED_Driver.o
                0x0800097c                toggleLED
 .text.LED_timer5Init
                0x080009c8       0x68 ./Src/LED_Driver.o
                0x080009c8                LED_timer5Init
 .text.LED_timer5Start
                0x08000a30       0x14 ./Src/LED_Driver.o
                0x08000a30                LED_timer5Start
 .text.LED_timer5Stop
                0x08000a44       0x14 ./Src/LED_Driver.o
                0x08000a44                LED_timer5Stop
 .text.LED_timer5Reset
                0x08000a58       0x14 ./Src/LED_Driver.o
                0x08000a58                LED_timer5Reset
 .text.LED_CountValue5
                0x08000a6c       0x18 ./Src/LED_Driver.o
                0x08000a6c                LED_CountValue5
 .text.LED_configAutoReload5
                0x08000a84       0x20 ./Src/LED_Driver.o
                0x08000a84                LED_configAutoReload5
 .text.initTimer
                0x08000aa4      0x16a ./Src/Time_Driver.o
                0x08000aa4                initTimer
 *fill*         0x08000c0e        0x2 
 .text.Timer_Clock_Control
                0x08000c10       0x70 ./Src/Time_Driver.o
                0x08000c10                Timer_Clock_Control
 .text.TimerStart
                0x08000c80       0x18 ./Src/Time_Driver.o
                0x08000c80                TimerStart
 .text.TimerStop
                0x08000c98       0x18 ./Src/Time_Driver.o
                0x08000c98                TimerStop
 .text.TimerReset
                0x08000cb0       0x18 ./Src/Time_Driver.o
                0x08000cb0                TimerReset
 .text.TimerInterrupt
                0x08000cc8       0x3c ./Src/Time_Driver.o
                0x08000cc8                TimerInterrupt
 .text.main     0x08000d04       0x2c ./Src/main.o
                0x08000d04                main
 .text.getScheduledEvents
                0x08000d30       0x14 ./Src/scheduler.o
                0x08000d30                getScheduledEvents
 .text.addScheduledEvents
                0x08000d44       0x24 ./Src/scheduler.o
                0x08000d44                addScheduledEvents
 .text.Reset_Handler
                0x08000d68       0x50 ./Startup/startup_stm32f429zitx.o
                0x08000d68                Reset_Handler
 .text.Default_Handler
                0x08000db8        0x2 ./Startup/startup_stm32f429zitx.o
                0x08000db8                DMA1_Stream3_IRQHandler
                0x08000db8                HASH_RNG_IRQHandler
                0x08000db8                EXTI2_IRQHandler
                0x08000db8                TIM8_CC_IRQHandler
                0x08000db8                DebugMon_Handler
                0x08000db8                UART8_IRQHandler
                0x08000db8                SPI4_IRQHandler
                0x08000db8                TIM1_CC_IRQHandler
                0x08000db8                DMA2_Stream5_IRQHandler
                0x08000db8                HardFault_Handler
                0x08000db8                DMA1_Stream5_IRQHandler
                0x08000db8                SysTick_Handler
                0x08000db8                PVD_IRQHandler
                0x08000db8                SDIO_IRQHandler
                0x08000db8                TAMP_STAMP_IRQHandler
                0x08000db8                PendSV_Handler
                0x08000db8                NMI_Handler
                0x08000db8                CAN2_RX1_IRQHandler
                0x08000db8                EXTI3_IRQHandler
                0x08000db8                TIM8_TRG_COM_TIM14_IRQHandler
                0x08000db8                TIM1_UP_TIM10_IRQHandler
                0x08000db8                TIM8_UP_TIM13_IRQHandler
                0x08000db8                I2C3_ER_IRQHandler
                0x08000db8                LCD_TFT_IRQHandler
                0x08000db8                I2C2_EV_IRQHandler
                0x08000db8                DMA1_Stream2_IRQHandler
                0x08000db8                CAN1_RX0_IRQHandler
                0x08000db8                FPU_IRQHandler
                0x08000db8                OTG_HS_WKUP_IRQHandler
                0x08000db8                UsageFault_Handler
                0x08000db8                CAN2_SCE_IRQHandler
                0x08000db8                DMA2_Stream2_IRQHandler
                0x08000db8                SPI1_IRQHandler
                0x08000db8                TIM6_DAC_IRQHandler
                0x08000db8                TIM1_BRK_TIM9_IRQHandler
                0x08000db8                DCMI_IRQHandler
                0x08000db8                CAN2_RX0_IRQHandler
                0x08000db8                DMA2_Stream3_IRQHandler
                0x08000db8                USART6_IRQHandler
                0x08000db8                USART3_IRQHandler
                0x08000db8                CRYP_IRQHandler
                0x08000db8                CAN1_RX1_IRQHandler
                0x08000db8                UART5_IRQHandler
                0x08000db8                DMA2_Stream0_IRQHandler
                0x08000db8                TIM4_IRQHandler
                0x08000db8                I2C1_EV_IRQHandler
                0x08000db8                DMA1_Stream6_IRQHandler
                0x08000db8                DMA1_Stream1_IRQHandler
                0x08000db8                UART4_IRQHandler
                0x08000db8                LCD_TFT_1_IRQHandler
                0x08000db8                TIM3_IRQHandler
                0x08000db8                RCC_IRQHandler
                0x08000db8                TIM8_BRK_TIM12_IRQHandler
                0x08000db8                Default_Handler
                0x08000db8                EXTI15_10_IRQHandler
                0x08000db8                ADC_IRQHandler
                0x08000db8                DMA1_Stream7_IRQHandler
                0x08000db8                SPI5_IRQHandler
                0x08000db8                TIM7_IRQHandler
                0x08000db8                CAN2_TX_IRQHandler
                0x08000db8                DMA2_Stream7_IRQHandler
                0x08000db8                I2C3_EV_IRQHandler
                0x08000db8                EXTI9_5_IRQHandler
                0x08000db8                RTC_WKUP_IRQHandler
                0x08000db8                ETH_WKUP_IRQHandler
                0x08000db8                SPI2_IRQHandler
                0x08000db8                OTG_HS_EP1_IN_IRQHandler
                0x08000db8                MemManage_Handler
                0x08000db8                DMA1_Stream0_IRQHandler
                0x08000db8                CAN1_TX_IRQHandler
                0x08000db8                SVC_Handler
                0x08000db8                EXTI4_IRQHandler
                0x08000db8                ETH_IRQHandler
                0x08000db8                OTG_HS_EP1_OUT_IRQHandler
                0x08000db8                WWDG_IRQHandler
                0x08000db8                SPI6_IRQHandler
                0x08000db8                TIM2_IRQHandler
                0x08000db8                OTG_FS_WKUP_IRQHandler
                0x08000db8                TIM1_TRG_COM_TIM11_IRQHandler
                0x08000db8                OTG_HS_IRQHandler
                0x08000db8                DMA2D_IRQHandler
                0x08000db8                EXTI1_IRQHandler
                0x08000db8                UART7_IRQHandler
                0x08000db8                USART2_IRQHandler
                0x08000db8                I2C2_ER_IRQHandler
                0x08000db8                DMA2_Stream1_IRQHandler
                0x08000db8                CAN1_SCE_IRQHandler
                0x08000db8                FLASH_IRQHandler
                0x08000db8                DMA2_Stream4_IRQHandler
                0x08000db8                BusFault_Handler
                0x08000db8                USART1_IRQHandler
                0x08000db8                OTG_FS_IRQHandler
                0x08000db8                SPI3_IRQHandler
                0x08000db8                DMA1_Stream4_IRQHandler
                0x08000db8                I2C1_ER_IRQHandler
                0x08000db8                FMC_IRQHandler
                0x08000db8                DMA2_Stream6_IRQHandler
                0x08000db8                SAI1_IRQHandler
                0x08000db8                RTC_Alarm_IRQHandler
 *fill*         0x08000dba        0x2 
 .text.__libc_init_array
                0x08000dbc       0x48 /Applications/STM32CubeIDE.app/Contents/Eclipse/plugins/com.st.stm32cube.ide.mcu.externaltools.gnu-tools-for-stm32.12.3.rel1.macos64_1.0.200.202406191456/tools/bin/../lib/gcc/arm-none-eabi/12.3.1/../../../../arm-none-eabi/lib/thumb/v7e-m/nofp/libc_nano.a(libc_a-init.o)
                0x08000dbc                __libc_init_array
 *(.glue_7)
 .glue_7        0x08000e04        0x0 linker stubs
 *(.glue_7t)
 .glue_7t       0x08000e04        0x0 linker stubs
 *(.eh_frame)
 .eh_frame      0x08000e04        0x0 /Applications/STM32CubeIDE.app/Contents/Eclipse/plugins/com.st.stm32cube.ide.mcu.externaltools.gnu-tools-for-stm32.12.3.rel1.macos64_1.0.200.202406191456/tools/bin/../lib/gcc/arm-none-eabi/12.3.1/thumb/v7e-m/nofp/crtbegin.o
 *(.init)
 .init          0x08000e04        0x4 /Applications/STM32CubeIDE.app/Contents/Eclipse/plugins/com.st.stm32cube.ide.mcu.externaltools.gnu-tools-for-stm32.12.3.rel1.macos64_1.0.200.202406191456/tools/bin/../lib/gcc/arm-none-eabi/12.3.1/thumb/v7e-m/nofp/crti.o
                0x08000e04                _init
 .init          0x08000e08        0x8 /Applications/STM32CubeIDE.app/Contents/Eclipse/plugins/com.st.stm32cube.ide.mcu.externaltools.gnu-tools-for-stm32.12.3.rel1.macos64_1.0.200.202406191456/tools/bin/../lib/gcc/arm-none-eabi/12.3.1/thumb/v7e-m/nofp/crtn.o
 *(.fini)
 .fini          0x08000e10        0x4 /Applications/STM32CubeIDE.app/Contents/Eclipse/plugins/com.st.stm32cube.ide.mcu.externaltools.gnu-tools-for-stm32.12.3.rel1.macos64_1.0.200.202406191456/tools/bin/../lib/gcc/arm-none-eabi/12.3.1/thumb/v7e-m/nofp/crti.o
                0x08000e10                _fini
 .fini          0x08000e14        0x8 /Applications/STM32CubeIDE.app/Contents/Eclipse/plugins/com.st.stm32cube.ide.mcu.externaltools.gnu-tools-for-stm32.12.3.rel1.macos64_1.0.200.202406191456/tools/bin/../lib/gcc/arm-none-eabi/12.3.1/thumb/v7e-m/nofp/crtn.o
                0x08000e1c                        . = ALIGN (0x4)
                0x08000e1c                        _etext = .

.vfp11_veneer   0x08000e1c        0x0
 .vfp11_veneer  0x08000e1c        0x0 linker stubs

.v4_bx          0x08000e1c        0x0
 .v4_bx         0x08000e1c        0x0 linker stubs

.iplt           0x08000e1c        0x0
 .iplt          0x08000e1c        0x0 /Applications/STM32CubeIDE.app/Contents/Eclipse/plugins/com.st.stm32cube.ide.mcu.externaltools.gnu-tools-for-stm32.12.3.rel1.macos64_1.0.200.202406191456/tools/bin/../lib/gcc/arm-none-eabi/12.3.1/thumb/v7e-m/nofp/crtbegin.o

.rodata         0x08000e1c        0x8
                0x08000e1c                        . = ALIGN (0x4)
 *(.rodata)
 .rodata        0x08000e1c        0x5 ./Src/ApplicationCode.o
 *(.rodata*)
                0x08000e24                        . = ALIGN (0x4)
 *fill*         0x08000e21        0x3 

.ARM.extab      0x08000e24        0x0
                0x08000e24                        . = ALIGN (0x4)
 *(.ARM.extab* .gnu.linkonce.armextab.*)
                0x08000e24                        . = ALIGN (0x4)

.ARM            0x08000e24        0x0
                0x08000e24                        . = ALIGN (0x4)
                0x08000e24                        __exidx_start = .
 *(.ARM.exidx*)
                0x08000e24                        __exidx_end = .
                0x08000e24                        . = ALIGN (0x4)

.preinit_array  0x08000e24        0x0
                0x08000e24                        . = ALIGN (0x4)
                0x08000e24                        PROVIDE (__preinit_array_start = .)
 *(.preinit_array*)
                0x08000e24                        PROVIDE (__preinit_array_end = .)
                0x08000e24                        . = ALIGN (0x4)

.init_array     0x08000e24        0x4
                0x08000e24                        . = ALIGN (0x4)
                0x08000e24                        PROVIDE (__init_array_start = .)
 *(SORT_BY_NAME(.init_array.*))
 *(.init_array*)
 .init_array    0x08000e24        0x4 /Applications/STM32CubeIDE.app/Contents/Eclipse/plugins/com.st.stm32cube.ide.mcu.externaltools.gnu-tools-for-stm32.12.3.rel1.macos64_1.0.200.202406191456/tools/bin/../lib/gcc/arm-none-eabi/12.3.1/thumb/v7e-m/nofp/crtbegin.o
                0x08000e28                        PROVIDE (__init_array_end = .)
                0x08000e28                        . = ALIGN (0x4)

.fini_array     0x08000e28        0x4
                0x08000e28                        . = ALIGN (0x4)
                [!provide]                        PROVIDE (__fini_array_start = .)
 *(SORT_BY_NAME(.fini_array.*))
 *(.fini_array*)
 .fini_array    0x08000e28        0x4 /Applications/STM32CubeIDE.app/Contents/Eclipse/plugins/com.st.stm32cube.ide.mcu.externaltools.gnu-tools-for-stm32.12.3.rel1.macos64_1.0.200.202406191456/tools/bin/../lib/gcc/arm-none-eabi/12.3.1/thumb/v7e-m/nofp/crtbegin.o
                [!provide]                        PROVIDE (__fini_array_end = .)
                0x08000e2c                        . = ALIGN (0x4)
                0x08000e2c                        _sidata = LOADADDR (.data)

.rel.dyn        0x08000e2c        0x0
 .rel.iplt      0x08000e2c        0x0 /Applications/STM32CubeIDE.app/Contents/Eclipse/plugins/com.st.stm32cube.ide.mcu.externaltools.gnu-tools-for-stm32.12.3.rel1.macos64_1.0.200.202406191456/tools/bin/../lib/gcc/arm-none-eabi/12.3.1/thumb/v7e-m/nofp/crtbegin.o

.data           0x20000000        0x0 load address 0x08000e2c
                0x20000000                        . = ALIGN (0x4)
                0x20000000                        _sdata = .
 *(.data)
 *(.data*)
 *(.RamFunc)
 *(.RamFunc*)
                0x20000000                        . = ALIGN (0x4)
                0x20000000                        _edata = .
                0x08000e2c                        _siccmram = LOADADDR (.ccmram)

.igot.plt       0x20000000        0x0 load address 0x08000e2c
 .igot.plt      0x20000000        0x0 /Applications/STM32CubeIDE.app/Contents/Eclipse/plugins/com.st.stm32cube.ide.mcu.externaltools.gnu-tools-for-stm32.12.3.rel1.macos64_1.0.200.202406191456/tools/bin/../lib/gcc/arm-none-eabi/12.3.1/thumb/v7e-m/nofp/crtbegin.o

.ccmram         0x10000000        0x0 load address 0x08000e2c
                0x10000000                        . = ALIGN (0x4)
                0x10000000                        _sccmram = .
 *(.ccmram)
 *(.ccmram*)
                0x10000000                        . = ALIGN (0x4)
                0x10000000                        _eccmram = .
                0x10000000                        . = ALIGN (0x4)

.bss            0x20000000       0x4c
                0x20000000                        _sbss = .
                0x20000000                        __bss_start__ = _sbss
 *(.bss)
 .bss           0x20000000       0x1c /Applications/STM32CubeIDE.app/Contents/Eclipse/plugins/com.st.stm32cube.ide.mcu.externaltools.gnu-tools-for-stm32.12.3.rel1.macos64_1.0.200.202406191456/tools/bin/../lib/gcc/arm-none-eabi/12.3.1/thumb/v7e-m/nofp/crtbegin.o
 *(.bss*)
 .bss.red       0x2000001c        0xc ./Src/LED_Driver.o
 .bss.green     0x20000028        0xc ./Src/LED_Driver.o
 .bss.timer5Handle
                0x20000034       0x14 ./Src/LED_Driver.o
 .bss.scheduledEvents
                0x20000048        0x4 ./Src/scheduler.o
 *(COMMON)
                0x2000004c                        . = ALIGN (0x4)
                0x2000004c                        _ebss = .
                0x2000004c                        __bss_end__ = _ebss

._user_heap_stack
                0x2000004c      0x604
                0x20000050                        . = ALIGN (0x8)
 *fill*         0x2000004c        0x4 
                [!provide]                        PROVIDE (end = .)
                0x20000050                        PROVIDE (_end = .)
                0x20000250                        . = (. + _Min_Heap_Size)
 *fill*         0x20000050      0x200 
                0x20000650                        . = (. + _Min_Stack_Size)
 *fill*         0x20000250      0x400 
                0x20000650                        . = ALIGN (0x8)

/DISCARD/
 libc.a(*)
 libm.a(*)
 libgcc.a(*)

.ARM.attributes
                0x00000000       0x2a
 *(.ARM.attributes)
 .ARM.attributes
                0x00000000       0x1e /Applications/STM32CubeIDE.app/Contents/Eclipse/plugins/com.st.stm32cube.ide.mcu.externaltools.gnu-tools-for-stm32.12.3.rel1.macos64_1.0.200.202406191456/tools/bin/../lib/gcc/arm-none-eabi/12.3.1/thumb/v7e-m/nofp/crti.o
 .ARM.attributes
                0x0000001e       0x2e /Applications/STM32CubeIDE.app/Contents/Eclipse/plugins/com.st.stm32cube.ide.mcu.externaltools.gnu-tools-for-stm32.12.3.rel1.macos64_1.0.200.202406191456/tools/bin/../lib/gcc/arm-none-eabi/12.3.1/thumb/v7e-m/nofp/crtbegin.o
 .ARM.attributes
                0x0000004c       0x2e ./Src/ApplicationCode.o
 .ARM.attributes
                0x0000007a       0x2e ./Src/ButtonDriver.o
 .ARM.attributes
                0x000000a8       0x2e ./Src/GPIO_Driver.o
 .ARM.attributes
                0x000000d6       0x2e ./Src/InterruptControl.o
 .ARM.attributes
                0x00000104       0x2e ./Src/LED_Driver.o
 .ARM.attributes
                0x00000132       0x2e ./Src/Time_Driver.o
 .ARM.attributes
                0x00000160       0x2e ./Src/main.o
 .ARM.attributes
                0x0000018e       0x2e ./Src/scheduler.o
 .ARM.attributes
                0x000001bc       0x21 ./Startup/startup_stm32f429zitx.o
 .ARM.attributes
                0x000001dd       0x2e /Applications/STM32CubeIDE.app/Contents/Eclipse/plugins/com.st.stm32cube.ide.mcu.externaltools.gnu-tools-for-stm32.12.3.rel1.macos64_1.0.200.202406191456/tools/bin/../lib/gcc/arm-none-eabi/12.3.1/../../../../arm-none-eabi/lib/thumb/v7e-m/nofp/libc_nano.a(libc_a-init.o)
 .ARM.attributes
                0x0000020b       0x1e /Applications/STM32CubeIDE.app/Contents/Eclipse/plugins/com.st.stm32cube.ide.mcu.externaltools.gnu-tools-for-stm32.12.3.rel1.macos64_1.0.200.202406191456/tools/bin/../lib/gcc/arm-none-eabi/12.3.1/thumb/v7e-m/nofp/crtn.o
OUTPUT(JRamosSilvaLab44.elf elf32-littlearm)
LOAD linker stubs
LOAD /Applications/STM32CubeIDE.app/Contents/Eclipse/plugins/com.st.stm32cube.ide.mcu.externaltools.gnu-tools-for-stm32.12.3.rel1.macos64_1.0.200.202406191456/tools/bin/../lib/gcc/arm-none-eabi/12.3.1/../../../../arm-none-eabi/lib/thumb/v7e-m/nofp/libc.a
LOAD /Applications/STM32CubeIDE.app/Contents/Eclipse/plugins/com.st.stm32cube.ide.mcu.externaltools.gnu-tools-for-stm32.12.3.rel1.macos64_1.0.200.202406191456/tools/bin/../lib/gcc/arm-none-eabi/12.3.1/../../../../arm-none-eabi/lib/thumb/v7e-m/nofp/libm.a
LOAD /Applications/STM32CubeIDE.app/Contents/Eclipse/plugins/com.st.stm32cube.ide.mcu.externaltools.gnu-tools-for-stm32.12.3.rel1.macos64_1.0.200.202406191456/tools/bin/../lib/gcc/arm-none-eabi/12.3.1/thumb/v7e-m/nofp/libgcc.a

.debug_info     0x00000000     0x1df4
 .debug_info    0x00000000      0x461 ./Src/ApplicationCode.o
 .debug_info    0x00000461      0x2c4 ./Src/ButtonDriver.o
 .debug_info    0x00000725      0x676 ./Src/GPIO_Driver.o
 .debug_info    0x00000d9b      0x1b9 ./Src/InterruptControl.o
 .debug_info    0x00000f54      0x6c2 ./Src/LED_Driver.o
 .debug_info    0x00001616      0x5b3 ./Src/Time_Driver.o
 .debug_info    0x00001bc9       0xf6 ./Src/main.o
 .debug_info    0x00001cbf      0x105 ./Src/scheduler.o
 .debug_info    0x00001dc4       0x30 ./Startup/startup_stm32f429zitx.o

.debug_abbrev   0x00000000      0x879
 .debug_abbrev  0x00000000      0x16e ./Src/ApplicationCode.o
 .debug_abbrev  0x0000016e      0x127 ./Src/ButtonDriver.o
 .debug_abbrev  0x00000295      0x169 ./Src/GPIO_Driver.o
 .debug_abbrev  0x000003fe       0xac ./Src/InterruptControl.o
 .debug_abbrev  0x000004aa      0x179 ./Src/LED_Driver.o
 .debug_abbrev  0x00000623       0xee ./Src/Time_Driver.o
 .debug_abbrev  0x00000711       0xb0 ./Src/main.o
 .debug_abbrev  0x000007c1       0x94 ./Src/scheduler.o
 .debug_abbrev  0x00000855       0x24 ./Startup/startup_stm32f429zitx.o

.debug_aranges  0x00000000      0x2c0
 .debug_aranges
                0x00000000       0x90 ./Src/ApplicationCode.o
 .debug_aranges
                0x00000090       0x38 ./Src/ButtonDriver.o
 .debug_aranges
                0x000000c8       0x50 ./Src/GPIO_Driver.o
 .debug_aranges
                0x00000118       0x40 ./Src/InterruptControl.o
 .debug_aranges
                0x00000158       0xa0 ./Src/LED_Driver.o
 .debug_aranges
                0x000001f8       0x50 ./Src/Time_Driver.o
 .debug_aranges
                0x00000248       0x20 ./Src/main.o
 .debug_aranges
                0x00000268       0x30 ./Src/scheduler.o
 .debug_aranges
                0x00000298       0x28 ./Startup/startup_stm32f429zitx.o

.debug_rnglists
                0x00000000      0x1e7
 .debug_rnglists
                0x00000000       0x67 ./Src/ApplicationCode.o
 .debug_rnglists
                0x00000067       0x25 ./Src/ButtonDriver.o
 .debug_rnglists
                0x0000008c       0x39 ./Src/GPIO_Driver.o
 .debug_rnglists
                0x000000c5       0x2b ./Src/InterruptControl.o
 .debug_rnglists
                0x000000f0       0x74 ./Src/LED_Driver.o
 .debug_rnglists
                0x00000164       0x38 ./Src/Time_Driver.o
 .debug_rnglists
                0x0000019c       0x13 ./Src/main.o
 .debug_rnglists
                0x000001af       0x1f ./Src/scheduler.o
 .debug_rnglists
                0x000001ce       0x19 ./Startup/startup_stm32f429zitx.o

.debug_macro    0x00000000     0x2b7d
 .debug_macro   0x00000000      0x1a7 ./Src/ApplicationCode.o
 .debug_macro   0x000001a7      0xab4 ./Src/ApplicationCode.o
 .debug_macro   0x00000c5b       0x1c ./Src/ApplicationCode.o
 .debug_macro   0x00000c77       0x22 ./Src/ApplicationCode.o
 .debug_macro   0x00000c99       0x5b ./Src/ApplicationCode.o
 .debug_macro   0x00000cf4       0x24 ./Src/ApplicationCode.o
 .debug_macro   0x00000d18       0x94 ./Src/ApplicationCode.o
 .debug_macro   0x00000dac       0x43 ./Src/ApplicationCode.o
 .debug_macro   0x00000def       0x34 ./Src/ApplicationCode.o
 .debug_macro   0x00000e23       0x16 ./Src/ApplicationCode.o
 .debug_macro   0x00000e39       0x57 ./Src/ApplicationCode.o
 .debug_macro   0x00000e90       0x9e ./Src/ApplicationCode.o
 .debug_macro   0x00000f2e      0x369 ./Src/ApplicationCode.o
 .debug_macro   0x00001297      0x10b ./Src/ApplicationCode.o
 .debug_macro   0x000013a2       0x10 ./Src/ApplicationCode.o
 .debug_macro   0x000013b2       0x16 ./Src/ApplicationCode.o
 .debug_macro   0x000013c8       0x43 ./Src/ApplicationCode.o
 .debug_macro   0x0000140b       0x34 ./Src/ApplicationCode.o
 .debug_macro   0x0000143f       0x10 ./Src/ApplicationCode.o
 .debug_macro   0x0000144f       0x58 ./Src/ApplicationCode.o
 .debug_macro   0x000014a7       0x8e ./Src/ApplicationCode.o
 .debug_macro   0x00001535       0x1c ./Src/ApplicationCode.o
 .debug_macro   0x00001551      0x177 ./Src/ApplicationCode.o
 .debug_macro   0x000016c8       0x16 ./Src/ApplicationCode.o
 .debug_macro   0x000016de       0x16 ./Src/ApplicationCode.o
 .debug_macro   0x000016f4      0x146 ./Src/ApplicationCode.o
 .debug_macro   0x0000183a      0x103 ./Src/ApplicationCode.o
 .debug_macro   0x0000193d       0x6a ./Src/ApplicationCode.o
 .debug_macro   0x000019a7      0x1df ./Src/ApplicationCode.o
 .debug_macro   0x00001b86       0x16 ./Src/ApplicationCode.o
 .debug_macro   0x00001b9c      0x125 ./Src/ApplicationCode.o
 .debug_macro   0x00001cc1       0x22 ./Src/ApplicationCode.o
 .debug_macro   0x00001ce3       0x7c ./Src/ApplicationCode.o
 .debug_macro   0x00001d5f       0x16 ./Src/ApplicationCode.o
 .debug_macro   0x00001d75      0x112 ./Src/ApplicationCode.o
 .debug_macro   0x00001e87       0x1c ./Src/ApplicationCode.o
 .debug_macro   0x00001ea3       0x22 ./Src/ApplicationCode.o
 .debug_macro   0x00001ec5      0x189 ./Src/ButtonDriver.o
 .debug_macro   0x0000204e       0x8e ./Src/ButtonDriver.o
 .debug_macro   0x000020dc       0x51 ./Src/ButtonDriver.o
 .debug_macro   0x0000212d      0x11f ./Src/ButtonDriver.o
 .debug_macro   0x0000224c       0x61 ./Src/ButtonDriver.o
 .debug_macro   0x000022ad       0x1c ./Src/ButtonDriver.o
 .debug_macro   0x000022c9      0x16b ./Src/GPIO_Driver.o
 .debug_macro   0x00002434      0x15c ./Src/InterruptControl.o
 .debug_macro   0x00002590      0x186 ./Src/LED_Driver.o
 .debug_macro   0x00002716      0x15b ./Src/Time_Driver.o
 .debug_macro   0x00002871      0x1ad ./Src/main.o
 .debug_macro   0x00002a1e      0x149 ./Src/scheduler.o
 .debug_macro   0x00002b67       0x16 ./Src/scheduler.o

.debug_line     0x00000000     0x35a3
 .debug_line    0x00000000      0x769 ./Src/ApplicationCode.o
 .debug_line    0x00000769      0x5df ./Src/ButtonDriver.o
 .debug_line    0x00000d48      0x817 ./Src/GPIO_Driver.o
 .debug_line    0x0000155f      0x632 ./Src/InterruptControl.o
 .debug_line    0x00001b91      0x78c ./Src/LED_Driver.o
 .debug_line    0x0000231d      0x704 ./Src/Time_Driver.o
 .debug_line    0x00002a21      0x5b7 ./Src/main.o
 .debug_line    0x00002fd8      0x550 ./Src/scheduler.o
 .debug_line    0x00003528       0x7b ./Startup/startup_stm32f429zitx.o

.debug_str      0x00000000     0x8ccd
 .debug_str     0x00000000     0x8535 ./Src/ApplicationCode.o
                               0x873f (size before relaxing)
 .debug_str     0x00008535      0x188 ./Src/ButtonDriver.o
                               0x8302 (size before relaxing)
 .debug_str     0x000086bd      0x2c8 ./Src/GPIO_Driver.o
                               0x84b5 (size before relaxing)
 .debug_str     0x00008985       0x2c ./Src/InterruptControl.o
                               0x7ead (size before relaxing)
 .debug_str     0x000089b1      0x201 ./Src/LED_Driver.o
                               0x87eb (size before relaxing)
 .debug_str     0x00008bb2       0x1e ./Src/Time_Driver.o
                               0x840c (size before relaxing)
 .debug_str     0x00008bd0       0x31 ./Src/main.o
                               0x8466 (size before relaxing)
 .debug_str     0x00008c01       0x3e ./Src/scheduler.o
                               0x780f (size before relaxing)
 .debug_str     0x00008c3f       0x8e ./Startup/startup_stm32f429zitx.o

.comment        0x00000000       0x43
 .comment       0x00000000       0x43 ./Src/ApplicationCode.o
                                 0x44 (size before relaxing)
 .comment       0x00000043       0x44 ./Src/ButtonDriver.o
 .comment       0x00000043       0x44 ./Src/GPIO_Driver.o
 .comment       0x00000043       0x44 ./Src/InterruptControl.o
 .comment       0x00000043       0x44 ./Src/LED_Driver.o
 .comment       0x00000043       0x44 ./Src/Time_Driver.o
 .comment       0x00000043       0x44 ./Src/main.o
 .comment       0x00000043       0x44 ./Src/scheduler.o

.debug_frame    0x00000000      0x88c
 .debug_frame   0x00000000      0x1c8 ./Src/ApplicationCode.o
 .debug_frame   0x000001c8       0x90 ./Src/ButtonDriver.o
 .debug_frame   0x00000258      0x124 ./Src/GPIO_Driver.o
 .debug_frame   0x0000037c       0xd8 ./Src/InterruptControl.o
 .debug_frame   0x00000454      0x234 ./Src/LED_Driver.o
 .debug_frame   0x00000688      0x128 ./Src/Time_Driver.o
 .debug_frame   0x000007b0       0x30 ./Src/main.o
 .debug_frame   0x000007e0       0x80 ./Src/scheduler.o
 .debug_frame   0x00000860       0x2c /Applications/STM32CubeIDE.app/Contents/Eclipse/plugins/com.st.stm32cube.ide.mcu.externaltools.gnu-tools-for-stm32.12.3.rel1.macos64_1.0.200.202406191456/tools/bin/../lib/gcc/arm-none-eabi/12.3.1/../../../../arm-none-eabi/lib/thumb/v7e-m/nofp/libc_nano.a(libc_a-init.o)

.debug_line_str
                0x00000000       0x72
 .debug_line_str
                0x00000000       0x72 ./Startup/startup_stm32f429zitx.o
