Archive member included to satisfy reference by file (symbol)

/Applications/STM32CubeIDE.app/Contents/Eclipse/plugins/com.st.stm32cube.ide.mcu.externaltools.gnu-tools-for-stm32.12.3.rel1.macos64_1.0.200.202406191456/tools/bin/../lib/gcc/arm-none-eabi/12.3.1/../../../../arm-none-eabi/lib/thumb/v7e-m/nofp/libc_nano.a(libc_a-exit.o)
                              /Applications/STM32CubeIDE.app/Contents/Eclipse/plugins/com.st.stm32cube.ide.mcu.externaltools.gnu-tools-for-stm32.12.3.rel1.macos64_1.0.200.202406191456/tools/bin/../lib/gcc/arm-none-eabi/12.3.1/../../../../arm-none-eabi/lib/thumb/v7e-m/nofp/crt0.o (exit)
/Applications/STM32CubeIDE.app/Contents/Eclipse/plugins/com.st.stm32cube.ide.mcu.externaltools.gnu-tools-for-stm32.12.3.rel1.macos64_1.0.200.202406191456/tools/bin/../lib/gcc/arm-none-eabi/12.3.1/../../../../arm-none-eabi/lib/thumb/v7e-m/nofp/libc_nano.a(libc_a-findfp.o)
                              /Applications/STM32CubeIDE.app/Contents/Eclipse/plugins/com.st.stm32cube.ide.mcu.externaltools.gnu-tools-for-stm32.12.3.rel1.macos64_1.0.200.202406191456/tools/bin/../lib/gcc/arm-none-eabi/12.3.1/../../../../arm-none-eabi/lib/thumb/v7e-m/nofp/libc_nano.a(libc_a-exit.o) (__stdio_exit_handler)
/Applications/STM32CubeIDE.app/Contents/Eclipse/plugins/com.st.stm32cube.ide.mcu.externaltools.gnu-tools-for-stm32.12.3.rel1.macos64_1.0.200.202406191456/tools/bin/../lib/gcc/arm-none-eabi/12.3.1/../../../../arm-none-eabi/lib/thumb/v7e-m/nofp/libc_nano.a(libc_a-fwalk.o)
                              /Applications/STM32CubeIDE.app/Contents/Eclipse/plugins/com.st.stm32cube.ide.mcu.externaltools.gnu-tools-for-stm32.12.3.rel1.macos64_1.0.200.202406191456/tools/bin/../lib/gcc/arm-none-eabi/12.3.1/../../../../arm-none-eabi/lib/thumb/v7e-m/nofp/libc_nano.a(libc_a-findfp.o) (_fwalk_sglue)
/Applications/STM32CubeIDE.app/Contents/Eclipse/plugins/com.st.stm32cube.ide.mcu.externaltools.gnu-tools-for-stm32.12.3.rel1.macos64_1.0.200.202406191456/tools/bin/../lib/gcc/arm-none-eabi/12.3.1/../../../../arm-none-eabi/lib/thumb/v7e-m/nofp/libc_nano.a(libc_a-memset.o)
                              /Applications/STM32CubeIDE.app/Contents/Eclipse/plugins/com.st.stm32cube.ide.mcu.externaltools.gnu-tools-for-stm32.12.3.rel1.macos64_1.0.200.202406191456/tools/bin/../lib/gcc/arm-none-eabi/12.3.1/../../../../arm-none-eabi/lib/thumb/v7e-m/nofp/crt0.o (memset)
/Applications/STM32CubeIDE.app/Contents/Eclipse/plugins/com.st.stm32cube.ide.mcu.externaltools.gnu-tools-for-stm32.12.3.rel1.macos64_1.0.200.202406191456/tools/bin/../lib/gcc/arm-none-eabi/12.3.1/../../../../arm-none-eabi/lib/thumb/v7e-m/nofp/libc_nano.a(libc_a-impure.o)
                              /Applications/STM32CubeIDE.app/Contents/Eclipse/plugins/com.st.stm32cube.ide.mcu.externaltools.gnu-tools-for-stm32.12.3.rel1.macos64_1.0.200.202406191456/tools/bin/../lib/gcc/arm-none-eabi/12.3.1/../../../../arm-none-eabi/lib/thumb/v7e-m/nofp/libc_nano.a(libc_a-findfp.o) (_impure_data)
/Applications/STM32CubeIDE.app/Contents/Eclipse/plugins/com.st.stm32cube.ide.mcu.externaltools.gnu-tools-for-stm32.12.3.rel1.macos64_1.0.200.202406191456/tools/bin/../lib/gcc/arm-none-eabi/12.3.1/../../../../arm-none-eabi/lib/thumb/v7e-m/nofp/libc_nano.a(libc_a-errno.o)
                              ./Src/syscalls.o (__errno)
/Applications/STM32CubeIDE.app/Contents/Eclipse/plugins/com.st.stm32cube.ide.mcu.externaltools.gnu-tools-for-stm32.12.3.rel1.macos64_1.0.200.202406191456/tools/bin/../lib/gcc/arm-none-eabi/12.3.1/../../../../arm-none-eabi/lib/thumb/v7e-m/nofp/libc_nano.a(libc_a-init.o)
                              /Applications/STM32CubeIDE.app/Contents/Eclipse/plugins/com.st.stm32cube.ide.mcu.externaltools.gnu-tools-for-stm32.12.3.rel1.macos64_1.0.200.202406191456/tools/bin/../lib/gcc/arm-none-eabi/12.3.1/../../../../arm-none-eabi/lib/thumb/v7e-m/nofp/crt0.o (__libc_init_array)
/Applications/STM32CubeIDE.app/Contents/Eclipse/plugins/com.st.stm32cube.ide.mcu.externaltools.gnu-tools-for-stm32.12.3.rel1.macos64_1.0.200.202406191456/tools/bin/../lib/gcc/arm-none-eabi/12.3.1/../../../../arm-none-eabi/lib/thumb/v7e-m/nofp/libc_nano.a(libc_a-lock.o)
                              /Applications/STM32CubeIDE.app/Contents/Eclipse/plugins/com.st.stm32cube.ide.mcu.externaltools.gnu-tools-for-stm32.12.3.rel1.macos64_1.0.200.202406191456/tools/bin/../lib/gcc/arm-none-eabi/12.3.1/../../../../arm-none-eabi/lib/thumb/v7e-m/nofp/libc_nano.a(libc_a-findfp.o) (__retarget_lock_init_recursive)
/Applications/STM32CubeIDE.app/Contents/Eclipse/plugins/com.st.stm32cube.ide.mcu.externaltools.gnu-tools-for-stm32.12.3.rel1.macos64_1.0.200.202406191456/tools/bin/../lib/gcc/arm-none-eabi/12.3.1/../../../../arm-none-eabi/lib/thumb/v7e-m/nofp/libc_nano.a(libc_a-mallocr.o)
[...]
Memory Configuration

Name             Origin             Length             Attributes
CCMRAM           0x10000000         0x00010000         xrw
RAM              0x20000000         0x00030000         xrw
FLASH            0x08000000         0x00200000         xr
*default*        0x00000000         0xffffffff

Linker script and memory map

LOAD /Applications/STM32CubeIDE.app/Contents/Eclipse/plugins/com.st.stm32cube.ide.mcu.externaltools.gnu-tools-for-stm32.12.3.rel1.macos64_1.0.200.202406191456/tools/bin/../lib/gcc/arm-none-eabi/12.3.1/thumb/v7e-m/nofp/crti.o
LOAD /Applications/STM32CubeIDE.app/Contents/Eclipse/plugins/com.st.stm32cube.ide.mcu.externaltools.gnu-tools-for-stm32.12.3.rel1.macos64_1.0.200.202406191456/tools/bin/../lib/gcc/arm-none-eabi/12.3.1/thumb/v7e-m/nofp/crtbegin.o
LOAD /Applications/STM32CubeIDE.app/Contents/Eclipse/plugins/com.st.stm32cube.ide.mcu.externaltools.gnu-tools-for-stm32.12.3.rel1.macos64_1.0.200.202406191456/tools/bin/../lib/gcc/arm-none-eabi/12.3.1/../../../../arm-none-eabi/lib/thumb/v7e-m/nofp/crt0.o
LOAD ./Src/ApplicationCode.o
LOAD ./Src/Button_Drive.o
LOAD ./Src/GPIO_Driver.o
LOAD ./Src/InterruptControl.o
LOAD ./Src/LED_Driver.o
LOAD ./Src/Scheduler.o
LOAD ./Src/main.o
LOAD ./Src/syscalls.o
LOAD ./Src/sysmem.o
LOAD ./Startup/startup_stm32f429zitx.o
START GROUP
LOAD /Applications/STM32CubeIDE.app/Contents/Eclipse/plugins/com.st.stm32cube.ide.mcu.externaltools.gnu-tools-for-stm32.12.3.rel1.macos64_1.0.200.202406191456/tools/bin/../lib/gcc/arm-none-eabi/12.3.1/../../../../arm-none-eabi/lib/thumb/v7e-m/nofp/libc_nano.a
LOAD /Applications/STM32CubeIDE.app/Contents/Eclipse/plugins/com.st.stm32cube.ide.mcu.externaltools.gnu-tools-for-stm32.12.3.rel1.macos64_1.0.200.202406191456/tools/bin/../lib/gcc/arm-none-eabi/12.3.1/../../../../arm-none-eabi/lib/thumb/v7e-m/nofp/libm.a
END GROUP
START GROUP
LOAD /Applications/STM32CubeIDE.app/Contents/Eclipse/plugins/com.st.stm32cube.ide.mcu.externaltools.gnu-tools-for-stm32.12.3.rel1.macos64_1.0.200.202406191456/tools/bin/../lib/gcc/arm-none-eabi/12.3.1/thumb/v7e-m/nofp/libgcc.a
LOAD /Applications/STM32CubeIDE.app/Contents/Eclipse/plugins/com.st.stm32cube.ide.mcu.externaltools.gnu-tools-for-stm32.12.3.rel1.macos64_1.0.200.202406191456/tools/bin/../lib/gcc/arm-none-eabi/12.3.1/../../../../arm-none-eabi/lib/thumb/v7e-m/nofp/libc_nano.a
END GROUP
START GROUP
LOAD /Applications/STM32CubeIDE.app/Contents/Eclipse/plugins/com.st.stm32cube.ide.mcu.externaltools.gnu-tools-for-stm32.12.3.rel1.macos64_1.0.200.202406191456/tools/bin/../lib/gcc/arm-none-eabi/12.3.1/thumb/v7e-m/nofp/libgcc.a
LOAD /Applications/STM32CubeIDE.app/Contents/Eclipse/plugins/com.st.stm32cube.ide.mcu.externaltools.gnu-tools-for-stm32.12.3.rel1.macos64_1.0.200.202406191456/tools/bin/../lib/gcc/arm-none-eabi/12.3.1/../../../../arm-none-eabi/lib/thumb/v7e-m/nofp/libc_nano.a
LOAD /Applications/STM32CubeIDE.app/Contents/Eclipse/plugins/com.st.stm32cube.ide.mcu.externaltools.gnu-tools-for-stm32.12.3.rel1.macos64_1.0.200.202406191456/tools/bin/../lib/gcc/arm-none-eabi/12.3.1/../../../../arm-none-eabi/lib/thumb/v7e-m/nofp/libnosys.a
END GROUP
START GROUP
LOAD /Applications/STM32CubeIDE.app/Contents/Eclipse/plugins/com.st.stm32cube.ide.mcu.externaltools.gnu-tools-for-stm32.12.3.rel1.macos64_1.0.200.202406191456/tools/bin/../lib/gcc/arm-none-eabi/12.3.1/thumb/v7e-m/nofp/libgcc.a
LOAD /Applications/STM32CubeIDE.app/Contents/Eclipse/plugins/com.st.stm32cube.ide.mcu.externaltools.gnu-tools-for-stm32.12.3.rel1.macos64_1.0.200.202406191456/tools/bin/../lib/gcc/arm-none-eabi/12.3.1/../../../../arm-none-eabi/lib/thumb/v7e-m/nofp/libc_nano.a
LOAD /Applications/STM32CubeIDE.app/Contents/Eclipse/plugins/com.st.stm32cube.ide.mcu.externaltools.gnu-tools-for-stm32.12.3.rel1.macos64_1.0.200.202406191456/tools/bin/../lib/gcc/arm-none-eabi/12.3.1/../../../../arm-none-eabi/lib/thumb/v7e-m/nofp/libnosys.a
END GROUP
LOAD /Applications/STM32CubeIDE.app/Contents/Eclipse/plugins/com.st.stm32cube.ide.mcu.externaltools.gnu-tools-for-stm32.12.3.rel1.macos64_1.0.200.202406191456/tools/bin/../lib/gcc/arm-none-eabi/12.3.1/thumb/v7e-m/nofp/crtend.o
LOAD /Applications/STM32CubeIDE.app/Contents/Eclipse/plugins/com.st.stm32cube.ide.mcu.externaltools.gnu-tools-for-stm32.12.3.rel1.macos64_1.0.200.202406191456/tools/bin/../lib/gcc/arm-none-eabi/12.3.1/thumb/v7e-m/nofp/crtn.o
                0x20030000                        _estack = (ORIGIN (RAM) + LENGTH (RAM))
                0x00000200                        _Min_Heap_Size = 0x200
                0x00000400                        _Min_Stack_Size = 0x400

.isr_vector     0x08000000      0x1ac
                0x08000000                        . = ALIGN (0x4)
 *(.isr_vector)
 .isr_vector    0x08000000      0x1ac ./Startup/startup_stm32f429zitx.o
                0x08000000                g_pfnVectors
                0x080001ac                        . = ALIGN (0x4)

.text           0x080001ac      0x844
                0x080001ac                        . = ALIGN (0x4)
 *(.text)
 .text          0x080001ac       0x40 /Applications/STM32CubeIDE.app/Contents/Eclipse/plugins/com.st.stm32cube.ide.mcu.externaltools.gnu-tools-for-stm32.12.3.rel1.macos64_1.0.200.202406191456/tools/bin/../lib/gcc/arm-none-eabi/12.3.1/thumb/v7e-m/nofp/crtbegin.o
 *(.text*)
 .text.applicationInit
                0x080001ec       0x1e ./Src/ApplicationCode.o
                0x080001ec                applicationInit
 .text.executeButtonPollingRoutine
                0x0800020a       0x1c ./Src/ApplicationCode.o
                0x0800020a                executeButtonPollingRoutine
 .text.greenLEDInit
                0x08000226        0xe ./Src/ApplicationCode.o
                0x08000226                greenLEDInit
 .text.toggleGreenLED
                0x08000234        0xe ./Src/ApplicationCode.o
                0x08000234                toggleGreenLED
 .text.activateGreenLED
                0x08000242        0xe ./Src/ApplicationCode.o
                0x08000242                activateGreenLED
 .text.deactivateGreenLED
                0x08000250        0xe ./Src/ApplicationCode.o
                0x08000250                deactivateGreenLED
 .text.buttonInterruptInit
                0x0800025e        0xc ./Src/ApplicationCode.o
                0x0800025e                buttonInterruptInit
 .text.EXTI0_IRQHandler
                0x0800026a       0x22 ./Src/ApplicationCode.o
                0x0800026a                EXTI0_IRQHandler
 .text.buttonClock
                0x0800028c       0x14 ./Src/Button_Drive.o
                0x0800028c                buttonClock
 .text.buttonStatus
                0x080002a0       0x20 ./Src/Button_Drive.o
                0x080002a0                buttonStatus
 .text.button_Init_Interrup_Mode
                0x080002c0       0x4c ./Src/Button_Drive.o
                0x080002c0                button_Init_Interrup_Mode
 .text.GPIO_ClockControl
                0x0800030c       0x80 ./Src/GPIO_Driver.o
                0x0800030c                GPIO_ClockControl
 .text.GPIO_WriteToOutputPin
                0x0800038c       0x4e ./Src/GPIO_Driver.o
                0x0800038c                GPIO_WriteToOutputPin
 .text.GPIO_ToggleOutputPin
                0x080003da       0x50 ./Src/GPIO_Driver.o
                0x080003da                GPIO_ToggleOutputPin
 *fill*         0x0800042a        0x2 
 .text.GPIO_Init
                0x0800042c      0x220 ./Src/GPIO_Driver.o
                0x0800042c                GPIO_Init
 .text.GPIO_ReadFromInputPin
                0x0800064c       0x2a ./Src/GPIO_Driver.o
                0x0800064c                GPIO_ReadFromInputPin
 *fill*         0x08000676        0x2 
 .text.getPortNumb
                0x08000678       0x24 ./Src/GPIO_Driver.o
                0x08000678                getPortNumb
 .text.NVIC_Toggle
                0x0800069c       0x30 ./Src/GPIO_Driver.o
                0x0800069c                NVIC_Toggle
 .text.IRQ_Enable
                0x080006cc       0x58 ./Src/InterruptControl.o
                0x080006cc                IRQ_Enable
 .text.IRQ_Disable
                0x08000724       0x58 ./Src/InterruptControl.o
                0x08000724                IRQ_Disable
 .text.EXTI_Clear_Pending
                0x0800077c       0x2c ./Src/InterruptControl.o
                0x0800077c                EXTI_Clear_Pending
 .text.LED_Init
                0x080007a8       0x8c ./Src/LED_Driver.o
                0x080007a8                LED_Init
 .text.ToggleLED
                0x08000834       0x44 ./Src/LED_Driver.o
                0x08000834                ToggleLED
 .text.TurnOffLED
                0x08000878       0x48 ./Src/LED_Driver.o
                0x08000878                TurnOffLED
 .text.TurnOnLED
                0x080008c0       0x48 ./Src/LED_Driver.o
                0x080008c0                TurnOnLED
 .text.addSchedulerEvent
                0x08000908       0x24 ./Src/Scheduler.o
                0x08000908                addSchedulerEvent
 .text.main     0x0800092c        0xe ./Src/main.o
                0x0800092c                main
 *fill*         0x0800093a        0x2 
 .text.Reset_Handler
                0x0800093c       0x50 ./Startup/startup_stm32f429zitx.o
                0x0800093c                Reset_Handler
 .text.Default_Handler
                0x0800098c        0x2 ./Startup/startup_stm32f429zitx.o
                0x0800098c                DMA1_Stream3_IRQHandler
                0x0800098c                HASH_RNG_IRQHandler
                0x0800098c                EXTI2_IRQHandler
                0x0800098c                TIM8_CC_IRQHandler
                0x0800098c                DebugMon_Handler
                0x0800098c                UART8_IRQHandler
                0x0800098c                SPI4_IRQHandler
                0x0800098c                TIM1_CC_IRQHandler
                0x0800098c                DMA2_Stream5_IRQHandler
                0x0800098c                HardFault_Handler
                0x0800098c                DMA1_Stream5_IRQHandler
                0x0800098c                SysTick_Handler
                0x0800098c                PVD_IRQHandler
                0x0800098c                SDIO_IRQHandler
                0x0800098c                TAMP_STAMP_IRQHandler
                0x0800098c                PendSV_Handler
                0x0800098c                NMI_Handler
                0x0800098c                CAN2_RX1_IRQHandler
                0x0800098c                EXTI3_IRQHandler
                0x0800098c                TIM8_TRG_COM_TIM14_IRQHandler
                0x0800098c                TIM1_UP_TIM10_IRQHandler
                0x0800098c                TIM8_UP_TIM13_IRQHandler
                0x0800098c                I2C3_ER_IRQHandler
                0x0800098c                LCD_TFT_IRQHandler
                0x0800098c                I2C2_EV_IRQHandler
                0x0800098c                DMA1_Stream2_IRQHandler
                0x0800098c                CAN1_RX0_IRQHandler
                0x0800098c                FPU_IRQHandler
                0x0800098c                OTG_HS_WKUP_IRQHandler
                0x0800098c                UsageFault_Handler
                0x0800098c                CAN2_SCE_IRQHandler
                0x0800098c                DMA2_Stream2_IRQHandler
                0x0800098c                SPI1_IRQHandler
                0x0800098c                TIM6_DAC_IRQHandler
                0x0800098c                TIM1_BRK_TIM9_IRQHandler
                0x0800098c                DCMI_IRQHandler
                0x0800098c                CAN2_RX0_IRQHandler
                0x0800098c                DMA2_Stream3_IRQHandler
                0x0800098c                USART6_IRQHandler
                0x0800098c                USART3_IRQHandler
                0x0800098c                CRYP_IRQHandler
                0x0800098c                CAN1_RX1_IRQHandler
                0x0800098c                UART5_IRQHandler
                0x0800098c                DMA2_Stream0_IRQHandler
                0x0800098c                TIM4_IRQHandler
                0x0800098c                I2C1_EV_IRQHandler
                0x0800098c                DMA1_Stream6_IRQHandler
                0x0800098c                DMA1_Stream1_IRQHandler
                0x0800098c                UART4_IRQHandler
                0x0800098c                LCD_TFT_1_IRQHandler
                0x0800098c                TIM3_IRQHandler
                0x0800098c                RCC_IRQHandler
                0x0800098c                TIM8_BRK_TIM12_IRQHandler
                0x0800098c                Default_Handler
                0x0800098c                EXTI15_10_IRQHandler
                0x0800098c                ADC_IRQHandler
                0x0800098c                DMA1_Stream7_IRQHandler
                0x0800098c                SPI5_IRQHandler
                0x0800098c                TIM7_IRQHandler
                0x0800098c                CAN2_TX_IRQHandler
                0x0800098c                TIM5_IRQHandler
                0x0800098c                DMA2_Stream7_IRQHandler
                0x0800098c                I2C3_EV_IRQHandler
                0x0800098c                EXTI9_5_IRQHandler
                0x0800098c                RTC_WKUP_IRQHandler
                0x0800098c                ETH_WKUP_IRQHandler
                0x0800098c                SPI2_IRQHandler
                0x0800098c                OTG_HS_EP1_IN_IRQHandler
                0x0800098c                MemManage_Handler
                0x0800098c                DMA1_Stream0_IRQHandler
                0x0800098c                CAN1_TX_IRQHandler
                0x0800098c                SVC_Handler
                0x0800098c                EXTI4_IRQHandler
                0x0800098c                ETH_IRQHandler
                0x0800098c                OTG_HS_EP1_OUT_IRQHandler
                0x0800098c                WWDG_IRQHandler
                0x0800098c                SPI6_IRQHandler
                0x0800098c                TIM2_IRQHandler
                0x0800098c                OTG_FS_WKUP_IRQHandler
                0x0800098c                TIM1_TRG_COM_TIM11_IRQHandler
                0x0800098c                OTG_HS_IRQHandler
                0x0800098c                DMA2D_IRQHandler
                0x0800098c                EXTI1_IRQHandler
                0x0800098c                UART7_IRQHandler
                0x0800098c                USART2_IRQHandler
                0x0800098c                I2C2_ER_IRQHandler
                0x0800098c                DMA2_Stream1_IRQHandler
                0x0800098c                CAN1_SCE_IRQHandler
                0x0800098c                FLASH_IRQHandler
                0x0800098c                DMA2_Stream4_IRQHandler
                0x0800098c                BusFault_Handler
                0x0800098c                USART1_IRQHandler
                0x0800098c                OTG_FS_IRQHandler
                0x0800098c                SPI3_IRQHandler
                0x0800098c                DMA1_Stream4_IRQHandler
                0x0800098c                I2C1_ER_IRQHandler
                0x0800098c                FMC_IRQHandler
                0x0800098c                DMA2_Stream6_IRQHandler
                0x0800098c                SAI1_IRQHandler
                0x0800098c                RTC_Alarm_IRQHandler
 *fill*         0x0800098e        0x2 
 .text.__libc_init_array
                0x08000990       0x48 /Applications/STM32CubeIDE.app/Contents/Eclipse/plugins/com.st.stm32cube.ide.mcu.externaltools.gnu-tools-for-stm32.12.3.rel1.macos64_1.0.200.202406191456/tools/bin/../lib/gcc/arm-none-eabi/12.3.1/../../../../arm-none-eabi/lib/thumb/v7e-m/nofp/libc_nano.a(libc_a-init.o)
                0x08000990                __libc_init_array
 *(.glue_7)
 .glue_7        0x080009d8        0x0 linker stubs
 *(.glue_7t)
 .glue_7t       0x080009d8        0x0 linker stubs
 *(.eh_frame)
 .eh_frame      0x080009d8        0x0 /Applications/STM32CubeIDE.app/Contents/Eclipse/plugins/com.st.stm32cube.ide.mcu.externaltools.gnu-tools-for-stm32.12.3.rel1.macos64_1.0.200.202406191456/tools/bin/../lib/gcc/arm-none-eabi/12.3.1/thumb/v7e-m/nofp/crtbegin.o
 *(.init)
 .init          0x080009d8        0x4 /Applications/STM32CubeIDE.app/Contents/Eclipse/plugins/com.st.stm32cube.ide.mcu.externaltools.gnu-tools-for-stm32.12.3.rel1.macos64_1.0.200.202406191456/tools/bin/../lib/gcc/arm-none-eabi/12.3.1/thumb/v7e-m/nofp/crti.o
                0x080009d8                _init
 .init          0x080009dc        0x8 /Applications/STM32CubeIDE.app/Contents/Eclipse/plugins/com.st.stm32cube.ide.mcu.externaltools.gnu-tools-for-stm32.12.3.rel1.macos64_1.0.200.202406191456/tools/bin/../lib/gcc/arm-none-eabi/12.3.1/thumb/v7e-m/nofp/crtn.o
 *(.fini)
 .fini          0x080009e4        0x4 /Applications/STM32CubeIDE.app/Contents/Eclipse/plugins/com.st.stm32cube.ide.mcu.externaltools.gnu-tools-for-stm32.12.3.rel1.macos64_1.0.200.202406191456/tools/bin/../lib/gcc/arm-none-eabi/12.3.1/thumb/v7e-m/nofp/crti.o
                0x080009e4                _fini
 .fini          0x080009e8        0x8 /Applications/STM32CubeIDE.app/Contents/Eclipse/plugins/com.st.stm32cube.ide.mcu.externaltools.gnu-tools-for-stm32.12.3.rel1.macos64_1.0.200.202406191456/tools/bin/../lib/gcc/arm-none-eabi/12.3.1/thumb/v7e-m/nofp/crtn.o
                0x080009f0                        . = ALIGN (0x4)
                0x080009f0                        _etext = .

.vfp11_veneer   0x080009f0        0x0
 .vfp11_veneer  0x080009f0        0x0 linker stubs

.v4_bx          0x080009f0        0x0
 .v4_bx         0x080009f0        0x0 linker stubs

.iplt           0x080009f0        0x0
 .iplt          0x080009f0        0x0 /Applications/STM32CubeIDE.app/Contents/Eclipse/plugins/com.st.stm32cube.ide.mcu.externaltools.gnu-tools-for-stm32.12.3.rel1.macos64_1.0.200.202406191456/tools/bin/../lib/gcc/arm-none-eabi/12.3.1/thumb/v7e-m/nofp/crtbegin.o

.rodata         0x080009f0        0x0
                0x080009f0                        . = ALIGN (0x4)
 *(.rodata)
 *(.rodata*)
                0x080009f0                        . = ALIGN (0x4)

.ARM.extab      0x080009f0        0x0
                0x080009f0                        . = ALIGN (0x4)
 *(.ARM.extab* .gnu.linkonce.armextab.*)
                0x080009f0                        . = ALIGN (0x4)

.ARM            0x080009f0        0x0
                0x080009f0                        . = ALIGN (0x4)
                0x080009f0                        __exidx_start = .
 *(.ARM.exidx*)
                0x080009f0                        __exidx_end = .
                0x080009f0                        . = ALIGN (0x4)

.preinit_array  0x080009f0        0x0
                0x080009f0                        . = ALIGN (0x4)
                0x080009f0                        PROVIDE (__preinit_array_start = .)
 *(.preinit_array*)
                0x080009f0                        PROVIDE (__preinit_array_end = .)
                0x080009f0                        . = ALIGN (0x4)

.init_array     0x080009f0        0x4
                0x080009f0                        . = ALIGN (0x4)
                0x080009f0                        PROVIDE (__init_array_start = .)
 *(SORT_BY_NAME(.init_array.*))
 *(.init_array*)
 .init_array    0x080009f0        0x4 /Applications/STM32CubeIDE.app/Contents/Eclipse/plugins/com.st.stm32cube.ide.mcu.externaltools.gnu-tools-for-stm32.12.3.rel1.macos64_1.0.200.202406191456/tools/bin/../lib/gcc/arm-none-eabi/12.3.1/thumb/v7e-m/nofp/crtbegin.o
                0x080009f4                        PROVIDE (__init_array_end = .)
                0x080009f4                        . = ALIGN (0x4)

.fini_array     0x080009f4        0x4
                0x080009f4                        . = ALIGN (0x4)
                [!provide]                        PROVIDE (__fini_array_start = .)
 *(SORT_BY_NAME(.fini_array.*))
 *(.fini_array*)
 .fini_array    0x080009f4        0x4 /Applications/STM32CubeIDE.app/Contents/Eclipse/plugins/com.st.stm32cube.ide.mcu.externaltools.gnu-tools-for-stm32.12.3.rel1.macos64_1.0.200.202406191456/tools/bin/../lib/gcc/arm-none-eabi/12.3.1/thumb/v7e-m/nofp/crtbegin.o
                [!provide]                        PROVIDE (__fini_array_end = .)
                0x080009f8                        . = ALIGN (0x4)
                0x080009f8                        _sidata = LOADADDR (.data)

.rel.dyn        0x080009f8        0x0
 .rel.iplt      0x080009f8        0x0 /Applications/STM32CubeIDE.app/Contents/Eclipse/plugins/com.st.stm32cube.ide.mcu.externaltools.gnu-tools-for-stm32.12.3.rel1.macos64_1.0.200.202406191456/tools/bin/../lib/gcc/arm-none-eabi/12.3.1/thumb/v7e-m/nofp/crtbegin.o

.data           0x20000000        0x0 load address 0x080009f8
                0x20000000                        . = ALIGN (0x4)
                0x20000000                        _sdata = .
 *(.data)
 *(.data*)
 *(.RamFunc)
 *(.RamFunc*)
                0x20000000                        . = ALIGN (0x4)
                0x20000000                        _edata = .
                0x080009f8                        _siccmram = LOADADDR (.ccmram)

.igot.plt       0x20000000        0x0 load address 0x080009f8
 .igot.plt      0x20000000        0x0 /Applications/STM32CubeIDE.app/Contents/Eclipse/plugins/com.st.stm32cube.ide.mcu.externaltools.gnu-tools-for-stm32.12.3.rel1.macos64_1.0.200.202406191456/tools/bin/../lib/gcc/arm-none-eabi/12.3.1/thumb/v7e-m/nofp/crtbegin.o

.ccmram         0x10000000        0x0 load address 0x080009f8
                0x10000000                        . = ALIGN (0x4)
                0x10000000                        _sccmram = .
 *(.ccmram)
 *(.ccmram*)
                0x10000000                        . = ALIGN (0x4)
                0x10000000                        _eccmram = .
                0x10000000                        . = ALIGN (0x4)

.bss            0x20000000       0x30
                0x20000000                        _sbss = .
                0x20000000                        __bss_start__ = _sbss
 *(.bss)
 .bss           0x20000000       0x1c /Applications/STM32CubeIDE.app/Contents/Eclipse/plugins/com.st.stm32cube.ide.mcu.externaltools.gnu-tools-for-stm32.12.3.rel1.macos64_1.0.200.202406191456/tools/bin/../lib/gcc/arm-none-eabi/12.3.1/thumb/v7e-m/nofp/crtbegin.o
 *(.bss*)
 .bss.redLed    0x2000001c        0x7 ./Src/LED_Driver.o
                0x2000001c                redLed
 *fill*         0x20000023        0x1 
 .bss.greenLed  0x20000024        0x7 ./Src/LED_Driver.o
                0x20000024                greenLed
 *fill*         0x2000002b        0x1 
 .bss.scheduledEvents
                0x2000002c        0x4 ./Src/Scheduler.o
 *(COMMON)
                0x20000030                        . = ALIGN (0x4)
                0x20000030                        _ebss = .
                0x20000030                        __bss_end__ = _ebss

._user_heap_stack
                0x20000030      0x600
                0x20000030                        . = ALIGN (0x8)
                [!provide]                        PROVIDE (end = .)
                0x20000030                        PROVIDE (_end = .)
                0x20000230                        . = (. + _Min_Heap_Size)
 *fill*         0x20000030      0x200 
                0x20000630                        . = (. + _Min_Stack_Size)
 *fill*         0x20000230      0x400 
                0x20000630                        . = ALIGN (0x8)

/DISCARD/
 libc.a(*)
 libm.a(*)
 libgcc.a(*)

.ARM.attributes
                0x00000000       0x2a
 *(.ARM.attributes)
 .ARM.attributes
                0x00000000       0x1e /Applications/STM32CubeIDE.app/Contents/Eclipse/plugins/com.st.stm32cube.ide.mcu.externaltools.gnu-tools-for-stm32.12.3.rel1.macos64_1.0.200.202406191456/tools/bin/../lib/gcc/arm-none-eabi/12.3.1/thumb/v7e-m/nofp/crti.o
 .ARM.attributes
                0x0000001e       0x2e /Applications/STM32CubeIDE.app/Contents/Eclipse/plugins/com.st.stm32cube.ide.mcu.externaltools.gnu-tools-for-stm32.12.3.rel1.macos64_1.0.200.202406191456/tools/bin/../lib/gcc/arm-none-eabi/12.3.1/thumb/v7e-m/nofp/crtbegin.o
 .ARM.attributes
                0x0000004c       0x2e ./Src/ApplicationCode.o
 .ARM.attributes
                0x0000007a       0x2e ./Src/Button_Drive.o
 .ARM.attributes
                0x000000a8       0x2e ./Src/GPIO_Driver.o
 .ARM.attributes
                0x000000d6       0x2e ./Src/InterruptControl.o
 .ARM.attributes
                0x00000104       0x2e ./Src/LED_Driver.o
 .ARM.attributes
                0x00000132       0x2e ./Src/Scheduler.o
 .ARM.attributes
                0x00000160       0x2e ./Src/main.o
 .ARM.attributes
                0x0000018e       0x21 ./Startup/startup_stm32f429zitx.o
 .ARM.attributes
                0x000001af       0x2e /Applications/STM32CubeIDE.app/Contents/Eclipse/plugins/com.st.stm32cube.ide.mcu.externaltools.gnu-tools-for-stm32.12.3.rel1.macos64_1.0.200.202406191456/tools/bin/../lib/gcc/arm-none-eabi/12.3.1/../../../../arm-none-eabi/lib/thumb/v7e-m/nofp/libc_nano.a(libc_a-init.o)
 .ARM.attributes
                0x000001dd       0x1e /Applications/STM32CubeIDE.app/Contents/Eclipse/plugins/com.st.stm32cube.ide.mcu.externaltools.gnu-tools-for-stm32.12.3.rel1.macos64_1.0.200.202406191456/tools/bin/../lib/gcc/arm-none-eabi/12.3.1/thumb/v7e-m/nofp/crtn.o
OUTPUT(JRamosSilvaLab3.elf elf32-littlearm)
LOAD linker stubs
LOAD /Applications/STM32CubeIDE.app/Contents/Eclipse/plugins/com.st.stm32cube.ide.mcu.externaltools.gnu-tools-for-stm32.12.3.rel1.macos64_1.0.200.202406191456/tools/bin/../lib/gcc/arm-none-eabi/12.3.1/../../../../arm-none-eabi/lib/thumb/v7e-m/nofp/libc.a
LOAD /Applications/STM32CubeIDE.app/Contents/Eclipse/plugins/com.st.stm32cube.ide.mcu.externaltools.gnu-tools-for-stm32.12.3.rel1.macos64_1.0.200.202406191456/tools/bin/../lib/gcc/arm-none-eabi/12.3.1/../../../../arm-none-eabi/lib/thumb/v7e-m/nofp/libm.a
LOAD /Applications/STM32CubeIDE.app/Contents/Eclipse/plugins/com.st.stm32cube.ide.mcu.externaltools.gnu-tools-for-stm32.12.3.rel1.macos64_1.0.200.202406191456/tools/bin/../lib/gcc/arm-none-eabi/12.3.1/thumb/v7e-m/nofp/libgcc.a

.debug_info     0x00000000     0x1166
 .debug_info    0x00000000      0x289 ./Src/ApplicationCode.o
 .debug_info    0x00000289      0x282 ./Src/Button_Drive.o
 .debug_info    0x0000050b      0x637 ./Src/GPIO_Driver.o
 .debug_info    0x00000b42      0x1a6 ./Src/InterruptControl.o
 .debug_info    0x00000ce8      0x2b8 ./Src/LED_Driver.o
 .debug_info    0x00000fa0       0xf7 ./Src/Scheduler.o
 .debug_info    0x00001097       0x9f ./Src/main.o
 .debug_info    0x00001136       0x30 ./Startup/startup_stm32f429zitx.o

.debug_abbrev   0x00000000      0x625
 .debug_abbrev  0x00000000      0x109 ./Src/ApplicationCode.o
 .debug_abbrev  0x00000109      0x120 ./Src/Button_Drive.o
 .debug_abbrev  0x00000229      0x134 ./Src/GPIO_Driver.o
 .debug_abbrev  0x0000035d       0xa5 ./Src/InterruptControl.o
 .debug_abbrev  0x00000402       0xf3 ./Src/LED_Driver.o
 .debug_abbrev  0x000004f5       0xab ./Src/Scheduler.o
 .debug_abbrev  0x000005a0       0x61 ./Src/main.o
 .debug_abbrev  0x00000601       0x24 ./Startup/startup_stm32f429zitx.o

.debug_aranges  0x00000000      0x1f8
 .debug_aranges
                0x00000000       0x80 ./Src/ApplicationCode.o
 .debug_aranges
                0x00000080       0x38 ./Src/Button_Drive.o
 .debug_aranges
                0x000000b8       0x50 ./Src/GPIO_Driver.o
 .debug_aranges
                0x00000108       0x40 ./Src/InterruptControl.o
 .debug_aranges
                0x00000148       0x38 ./Src/LED_Driver.o
 .debug_aranges
                0x00000180       0x30 ./Src/Scheduler.o
 .debug_aranges
                0x000001b0       0x20 ./Src/main.o
 .debug_aranges
                0x000001d0       0x28 ./Startup/startup_stm32f429zitx.o

.debug_rnglists
                0x00000000      0x155
 .debug_rnglists
                0x00000000       0x5b ./Src/ApplicationCode.o
 .debug_rnglists
                0x0000005b       0x25 ./Src/Button_Drive.o
 .debug_rnglists
                0x00000080       0x39 ./Src/GPIO_Driver.o
 .debug_rnglists
                0x000000b9       0x2b ./Src/InterruptControl.o
 .debug_rnglists
                0x000000e4       0x26 ./Src/LED_Driver.o
 .debug_rnglists
                0x0000010a       0x1f ./Src/Scheduler.o
 .debug_rnglists
                0x00000129       0x13 ./Src/main.o
 .debug_rnglists
                0x0000013c       0x19 ./Startup/startup_stm32f429zitx.o

.debug_macro    0x00000000     0x16d3
 .debug_macro   0x00000000       0xc8 ./Src/ApplicationCode.o
 .debug_macro   0x000000c8      0xab4 ./Src/ApplicationCode.o
 .debug_macro   0x00000b7c       0x22 ./Src/ApplicationCode.o
 .debug_macro   0x00000b9e       0x8e ./Src/ApplicationCode.o
 .debug_macro   0x00000c2c       0x51 ./Src/ApplicationCode.o
 .debug_macro   0x00000c7d      0x103 ./Src/ApplicationCode.o
 .debug_macro   0x00000d80       0x6a ./Src/ApplicationCode.o
 .debug_macro   0x00000dea      0x1df ./Src/ApplicationCode.o
 .debug_macro   0x00000fc9       0xd0 ./Src/ApplicationCode.o
 .debug_macro   0x00001099      0x112 ./Src/ApplicationCode.o
 .debug_macro   0x000011ab       0x16 ./Src/ApplicationCode.o
 .debug_macro   0x000011c1       0x1c ./Src/ApplicationCode.o
 .debug_macro   0x000011dd       0x22 ./Src/ApplicationCode.o
 .debug_macro   0x000011ff       0x1c ./Src/ApplicationCode.o
 .debug_macro   0x0000121b       0x1c ./Src/ApplicationCode.o
 .debug_macro   0x00001237       0xad ./Src/Button_Drive.o
 .debug_macro   0x000012e4       0x95 ./Src/GPIO_Driver.o
 .debug_macro   0x00001379       0x7c ./Src/InterruptControl.o
 .debug_macro   0x000013f5       0xd6 ./Src/InterruptControl.o
 .debug_macro   0x000014cb       0x9e ./Src/LED_Driver.o
 .debug_macro   0x00001569       0x9e ./Src/Scheduler.o
 .debug_macro   0x00001607       0xcc ./Src/main.o

.debug_line     0x00000000     0x2255
 .debug_line    0x00000000      0x5a4 ./Src/ApplicationCode.o
 .debug_line    0x000005a4      0x47c ./Src/Button_Drive.o
 .debug_line    0x00000a20      0x61e ./Src/GPIO_Driver.o
 .debug_line    0x0000103e      0x4c1 ./Src/InterruptControl.o
 .debug_line    0x000014ff      0x47f ./Src/LED_Driver.o
 .debug_line    0x0000197e      0x424 ./Src/Scheduler.o
 .debug_line    0x00001da2      0x438 ./Src/main.o
 .debug_line    0x000021da       0x7b ./Startup/startup_stm32f429zitx.o

.debug_str      0x00000000     0x4c7c
 .debug_str     0x00000000     0x470d ./Src/ApplicationCode.o
                               0x489f (size before relaxing)
 .debug_str     0x0000470d      0x13a ./Src/Button_Drive.o
                               0x47a8 (size before relaxing)
 .debug_str     0x00004847      0x303 ./Src/GPIO_Driver.o
                               0x49b3 (size before relaxing)
 .debug_str     0x00004b4a       0x4c ./Src/InterruptControl.o
                               0x42ce (size before relaxing)
 .debug_str     0x00004b96       0x2b ./Src/LED_Driver.o
                               0x4728 (size before relaxing)
 .debug_str     0x00004bc1       0x69 ./Src/Scheduler.o
                               0x4664 (size before relaxing)
 .debug_str     0x00004c2a       0x13 ./Src/main.o
                               0x4727 (size before relaxing)
 .debug_str     0x00004c3d       0x3f ./Startup/startup_stm32f429zitx.o
                                 0x8e (size before relaxing)

.comment        0x00000000       0x43
 .comment       0x00000000       0x43 ./Src/ApplicationCode.o
                                 0x44 (size before relaxing)
 .comment       0x00000043       0x44 ./Src/Button_Drive.o
 .comment       0x00000043       0x44 ./Src/GPIO_Driver.o
 .comment       0x00000043       0x44 ./Src/InterruptControl.o
 .comment       0x00000043       0x44 ./Src/LED_Driver.o
 .comment       0x00000043       0x44 ./Src/Scheduler.o
 .comment       0x00000043       0x44 ./Src/main.o

.debug_frame    0x00000000      0x58c
 .debug_frame   0x00000000      0x188 ./Src/ApplicationCode.o
 .debug_frame   0x00000188       0x90 ./Src/Button_Drive.o
 .debug_frame   0x00000218      0x124 ./Src/GPIO_Driver.o
 .debug_frame   0x0000033c       0xd8 ./Src/InterruptControl.o
 .debug_frame   0x00000414       0xa0 ./Src/LED_Driver.o
 .debug_frame   0x000004b4       0x80 ./Src/Scheduler.o
 .debug_frame   0x00000534       0x2c ./Src/main.o
 .debug_frame   0x00000560       0x2c /Applications/STM32CubeIDE.app/Contents/Eclipse/plugins/com.st.stm32cube.ide.mcu.externaltools.gnu-tools-for-stm32.12.3.rel1.macos64_1.0.200.202406191456/tools/bin/../lib/gcc/arm-none-eabi/12.3.1/../../../../arm-none-eabi/lib/thumb/v7e-m/nofp/libc_nano.a(libc_a-init.o)

.debug_line_str
                0x00000000       0x72
 .debug_line_str
                0x00000000       0x72 ./Startup/startup_stm32f429zitx.o
