../Src/ApplicationCode.c:12:6:TIM2_IRQHandler	8	static
../Src/ApplicationCode.c:79:6:applicationInit	8	static
../Src/ApplicationCode.c:101:6:executeButtonPollingRoutine	8	static
../Src/ApplicationCode.c:109:6:greenLEDInit	8	static
../Src/ApplicationCode.c:113:6:redLEDInit	8	static
../Src/ApplicationCode.c:117:6:toggleGreenLED	8	static
../Src/ApplicationCode.c:121:6:toggleRedLED	8	static
../Src/ApplicationCode.c:125:6:activateGreenLED	8	static
../Src/ApplicationCode.c:129:6:activateRedLED	8	static
../Src/ApplicationCode.c:133:6:deactivateGreenLED	8	static
../Src/ApplicationCode.c:137:6:deactivateRedLED	8	static
../Src/ApplicationCode.c:141:6:appDelay	32	static
../Src/ApplicationCode.c:157:6:buttonInterruptInit	8	static
