../Src/LED_Driver.c:12:6:LED_Init	16	static
../Src/LED_Driver.c:40:6:ToggleLED	16	static
../Src/LED_Driver.c:51:6:TurnOffLED	16	static
../Src/LED_Driver.c:62:6:TurnOnLED	16	static
../Src/LED_Driver.c:73:6:LED_TIM2_Init	32	static
../Src/LED_Driver.c:93:6:LED_TIM5_Init	32	static
../Src/LED_Driver.c:113:6:LED_TIM2_Start	8	static
../Src/LED_Driver.c:117:6:LED_TIM5_Start	8	static
../Src/LED_Driver.c:121:6:LED_TIM2_Stop	8	static
../Src/LED_Driver.c:125:6:LED_TIM5_Stop	8	static
../Src/LED_Driver.c:129:6:LED_TIM2_Reset	8	static
../Src/LED_Driver.c:133:6:LED_TIM5_Reset	8	static
../Src/LED_Driver.c:137:10:LED_TIM5_CurrentAutoReloadValue	4	static
../Src/LED_Driver.c:141:10:LED_TIM5_CurrentCountValue	4	static
../Src/LED_Driver.c:146:6:LED_TIM5_ConfigAutoReload	16	static
../Src/LED_Driver.c:150:6:LED_TIM5_StartFromCount	16	static
