../Src/ApplicationCode.c:10:6:applicationInit	8	static
../Src/ApplicationCode.c:16:6:greenLEDInit	8	static
../Src/ApplicationCode.c:20:6:redLEDInit	8	static
../Src/ApplicationCode.c:24:6:toggleGreenLED	8	static
../Src/ApplicationCode.c:28:6:toggleRedLED	8	static
../Src/ApplicationCode.c:32:6:activateGreenLED	8	static
../Src/ApplicationCode.c:36:6:activateRedLED	8	static
../Src/ApplicationCode.c:40:6:deactivateGreenLED	8	static
../Src/ApplicationCode.c:44:6:deactivateRedLED	8	static
../Src/ApplicationCode.c:48:6:appDelay	32	static
