../Src/ApplicationCode.c:11:6:GreenInt	8	static
../Src/ApplicationCode.c:15:6:RedInt	8	static
../Src/ApplicationCode.c:19:6:BothInt	8	static
../Src/ApplicationCode.c:25:6:executeButtonPollingRoutine	8	static
../Src/ApplicationCode.c:36:6:GreenToggle	8	static
../Src/ApplicationCode.c:39:6:RedToggle	8	static
../Src/ApplicationCode.c:44:6:GreenOn	8	static
../Src/ApplicationCode.c:47:6:RedOn	8	static
../Src/ApplicationCode.c:52:6:GreenOff	8	static
../Src/ApplicationCode.c:55:6:RedOff	8	static
../Src/ApplicationCode.c:59:6:delayProto	40	static
../Src/ApplicationCode.c:72:6:Application_ButtonInitInterruptMode	8	static
../Src/ApplicationCode.c:79:6:Application_Init	8	static
../Src/ApplicationCode.c:120:6:TIM5_IRQHandler	8	static
../Src/ApplicationCode.c:134:6:EXTI0_IRQHandler	16	static
