../Src/LED_Driver.c:11:6:initializeLED	16	static
../Src/LED_Driver.c:39:6:toggleLED	16	static
../Src/LED_Driver.c:53:6:deactivateLED	16	static
../Src/LED_Driver.c:66:6:activateLED	16	static
../Src/LED_Driver.c:80:6:LED_timer2Init	8	static
../Src/LED_Driver.c:99:6:LED_timer2Start	8	static
../Src/LED_Driver.c:102:6:LED_timer2Stop	8	static
../Src/LED_Driver.c:105:6:LED_timer2Reset	8	static
../Src/LED_Driver.c:110:6:LED_timer5Init	8	static
../Src/LED_Driver.c:129:6:LED_timer5Start	8	static
../Src/LED_Driver.c:133:6:LED_timer5Stop	8	static
../Src/LED_Driver.c:137:6:LED_timer5Reset	8	static
../Src/LED_Driver.c:141:9:LED_AutoReload5	4	static
../Src/LED_Driver.c:145:10:LED_CountValue5	4	static
../Src/LED_Driver.c:149:6:LED_configAutoReload5	16	static
../Src/LED_Driver.c:153:6:LED_CountValue5Upddate	16	static
../Src/LED_Driver.c:157:6:LED_timer5UpdateStart	16	static
