../Src/ApplicationCode.c:10:6:applicationInit	8	static
../Src/ApplicationCode.c:27:6:executeButtonPollingRoutine	8	static
../Src/ApplicationCode.c:36:6:greenLEDInit	8	static
../Src/ApplicationCode.c:40:6:redLEDInit	8	static
../Src/ApplicationCode.c:44:6:toggleGreenLED	8	static
../Src/ApplicationCode.c:48:6:toggleRedLED	8	static
../Src/ApplicationCode.c:52:6:activateGreenLED	8	static
../Src/ApplicationCode.c:56:6:activateRedLED	8	static
../Src/ApplicationCode.c:60:6:deactivateGreenLED	8	static
../Src/ApplicationCode.c:64:6:deactivateRedLED	8	static
../Src/ApplicationCode.c:68:6:appDelay	32	static
../Src/ApplicationCode.c:83:6:buttonInterruptInit	8	static
../Src/ApplicationCode.c:89:6:EXTI0_IRQHandler	8	static
