13:49:53 **** Incremental Build of configuration Debug for project JRamosSilvaFinal ****
make -j11 all 
arm-none-eabi-gcc "../Core/Src/Game_Menu.c" -mcpu=cortex-m4 -std=gnu11 -g3 -DDEBUG -DUSE_HAL_DRIVER -DSTM32F429xx -c -I../Core/Inc -I../Drivers/STM32F4xx_HAL_Driver/Inc -I../Drivers/STM32F4xx_HAL_Driver/Inc/Legacy -I../Drivers/CMSIS/Device/ST/STM32F4xx/Include -I../Drivers/CMSIS/Include -O0 -ffunction-sections -fdata-sections -Wall -fstack-usage -fcyclomatic-complexity -MMD -MP -MF"Core/Src/Game_Menu.d" -MT"Core/Src/Game_Menu.o" --specs=nano.specs -mfpu=fpv4-sp-d16 -mfloat-abi=hard -mthumb -o "Core/Src/Game_Menu.o"
../Core/Src/Game_Menu.c: In function 'menu_render':
../Core/Src/Game_Menu.c:48:13: warning: implicit declaration of function 'LCD_Draw_Pixel' [-Wimplicit-function-declaration]
   48 |             LCD_Draw_Pixel(x, y, LCD_COLOR_GREEN);
      |             ^~~~~~~~~~~~~~
arm-none-eabi-gcc -o "JRamosSilvaFinal.elf" @"objects.list"  -lrdimon -mcpu=cortex-m4 -T"/Users/joelrsilva/Documents/School/2024 - FALL/ECEN 2370/JRamosSilvaFinal/STM32F429ZITX_FLASH.ld" --specs=nosys.specs -Wl,-Map="JRamosSilvaFinal.map" -Wl,--gc-sections -static -specs=rdimon.specs --specs=nano.specs -mfpu=fpv4-sp-d16 -mfloat-abi=hard -mthumb -Wl,--start-group -lc -lm -Wl,--end-group
Finished building target: JRamosSilvaFinal.elf
 
arm-none-eabi-size  JRamosSilvaFinal.elf 
arm-none-eabi-objdump -h -S JRamosSilvaFinal.elf  > "JRamosSilvaFinal.list"
   text	   data	    bss	    dec	    hex	filename
  31088	    128	 156104	 187320	  2dbb8	JRamosSilvaFinal.elf
Finished building: default.size.stdout
 
Finished building: JRamosSilvaFinal.list
 
