17:45:38 **** Incremental Build of configuration Debug for project JRamosSilvaLab2 ****
make -j11 all 
arm-none-eabi-gcc "../Src/ApplicationCode.c" -mcpu=cortex-m4 -std=gnu11 -g3 -DDEBUG -DSTM32F429I_DISC1 -DSTM32 -DSTM32F429ZITx -DSTM32F4 -c -I../Inc -O0 -ffunction-sections -fdata-sections -Wall -fstack-usage -fcyclomatic-complexity -MMD -MP -MF"Src/ApplicationCode.d" -MT"Src/ApplicationCode.o" --specs=nano.specs -mfpu=fpv4-sp-d16 -mfloat-abi=hard -mthumb -o "Src/ApplicationCode.o"
arm-none-eabi-gcc "../Src/main.c" -mcpu=cortex-m4 -std=gnu11 -g3 -DDEBUG -DSTM32F429I_DISC1 -DSTM32 -DSTM32F429ZITx -DSTM32F4 -c -I../Inc -O0 -ffunction-sections -fdata-sections -Wall -fstack-usage -fcyclomatic-complexity -MMD -MP -MF"Src/main.d" -MT"Src/main.o" --specs=nano.specs -mfpu=fpv4-sp-d16 -mfloat-abi=hard -mthumb -o "Src/main.o"
../Src/main.c:27:2: warning: #warning "FPU is not initialized, but the project is compiling for an FPU. Please initialize the FPU before use." [-Wcpp]
   27 | #warning "FPU is not initialized, but the project is compiling for an FPU. Please initialize the FPU before use."
      |  ^~~~~~~
arm-none-eabi-gcc -o "JRamosSilvaLab2.elf" @"objects.list"   -mcpu=cortex-m4 -T"/Users/joelrsilva/Documents/School/2024 - SPRING/ECEN 2370 Embedded Software/LABS/LABS/JRamosSilvaLab4/STM32F429ZITX_FLASH.ld" --specs=nosys.specs -Wl,-Map="JRamosSilvaLab2.map" -Wl,--gc-sections -static --specs=nano.specs -mfpu=fpv4-sp-d16 -mfloat-abi=hard -mthumb -Wl,--start-group -lc -lm -Wl,--end-group
/Applications/STM32CubeIDE.app/Contents/Eclipse/plugins/com.st.stm32cube.ide.mcu.externaltools.gnu-tools-for-stm32.12.3.rel1.macos64_1.0.200.202406191456/tools/bin/../lib/gcc/arm-none-eabi/12.3.1/../../../../arm-none-eabi/bin/ld: warning: JRamosSilvaLab2.elf has a LOAD segment with RWX permissions
Finished building target: JRamosSilvaLab2.elf
 
arm-none-eabi-size  JRamosSilvaLab2.elf 
arm-none-eabi-objdump -h -S JRamosSilvaLab2.elf  > "JRamosSilvaLab2.list"
   text	   data	    bss	    dec	    hex	filename
   3236	      8	   1616	   4860	   12fc	JRamosSilvaLab2.elf
Finished building: default.size.stdout
 
Finished building: JRamosSilvaLab2.list
 

17:45:39 Build Finished. 0 errors, 2 warnings. (took 495ms)

