../Core/Src/ApplicationCode.c:10:6:applicationInit	8	static
../Core/Src/ApplicationCode.c:26:6:executeButtonPollingRoutine	8	static
../Core/Src/ApplicationCode.c:35:6:greenLEDInit	8	static
../Core/Src/ApplicationCode.c:39:6:redLEDInit	8	static
../Core/Src/ApplicationCode.c:43:6:toggleGreenLED	8	static
../Core/Src/ApplicationCode.c:47:6:toggleRedLED	8	static
../Core/Src/ApplicationCode.c:51:6:activateGreenLED	8	static
../Core/Src/ApplicationCode.c:55:6:activateRedLED	8	static
../Core/Src/ApplicationCode.c:59:6:deactivateGreenLED	8	static
../Core/Src/ApplicationCode.c:63:6:deactivateRedLED	8	static
../Core/Src/ApplicationCode.c:67:6:appDelay	32	static
../Core/Src/ApplicationCode.c:78:6:Application_InitGyro	8	static
../Core/Src/ApplicationCode.c:85:6:Application_PrintGyroDeviceID	8	static
../Core/Src/ApplicationCode.c:90:6:Application_PrintGyroTemperature	8	static
../Core/Src/ApplicationCode.c:95:6:Application_ConfigureGyro	8	static
../Core/Src/ApplicationCode.c:102:6:EXTI0_IRQHandler	8	static
../Core/Src/ApplicationCode.c:116:6:buttonInterruptInit	8	static
