../Core/Src/Gyro.c:15:13:Gyro_WriteRegister	24	static
../Core/Src/Gyro.c:26:6:Gyro_Init	40	static
../Core/Src/Gyro.c:66:6:Gyro_DeviceIDPrint	24	static
../Core/Src/Gyro.c:82:6:Gyro_PowerOn	16	static
../Core/Src/Gyro.c:89:6:Gyro_TemperaturePrint	24	static
../Core/Src/Gyro.c:106:6:Gyro_RegisterConfigure	8	static
../Core/Src/Gyro.c:111:6:Gyro_ReadRegisters	16	static
../Core/Src/Gyro.c:135:6:Gyro_HALStatus	8	static
../Core/Src/Gyro.c:144:6:Gyro_EnableSlaveCommunication	8	static
../Core/Src/Gyro.c:148:6:Gyro_DisableSlaveCommunication	8	static
